../Core/Src/stm32f4xx_it.c:94:6:NMI_Handler	0	static
../Core/Src/stm32f4xx_it.c:109:6:HardFault_Handler	0	static
../Core/Src/stm32f4xx_it.c:124:6:MemManage_Handler	0	static
../Core/Src/stm32f4xx_it.c:139:6:BusFault_Handler	0	static
../Core/Src/stm32f4xx_it.c:154:6:UsageFault_Handler	0	static
../Core/Src/stm32f4xx_it.c:169:6:DebugMon_Handler	0	static
../Core/Src/stm32f4xx_it.c:189:6:DMA1_Stream1_IRQHandler	0	static
../Core/Src/stm32f4xx_it.c:203:6:CAN1_RX0_IRQHandler	0	static
../Core/Src/stm32f4xx_it.c:217:6:TIM1_BRK_TIM9_IRQHandler	0	static
../Core/Src/stm32f4xx_it.c:231:6:SPI1_IRQHandler	0	static
../Core/Src/stm32f4xx_it.c:245:6:USART1_IRQHandler	0	static
../Core/Src/stm32f4xx_it.c:259:6:USART3_IRQHandler	0	static
../Core/Src/stm32f4xx_it.c:273:6:TIM8_BRK_TIM12_IRQHandler	0	static
../Core/Src/stm32f4xx_it.c:287:6:TIM5_IRQHandler	0	static
../Core/Src/stm32f4xx_it.c:301:6:TIM6_DAC_IRQHandler	0	static
../Core/Src/stm32f4xx_it.c:315:6:DMA2_Stream1_IRQHandler	0	static
../Core/Src/stm32f4xx_it.c:329:6:DMA2_Stream2_IRQHandler	0	static
../Core/Src/stm32f4xx_it.c:343:6:CAN2_RX0_IRQHandler	0	static
../Core/Src/stm32f4xx_it.c:357:6:OTG_FS_IRQHandler	0	static
../Core/Src/stm32f4xx_it.c:371:6:DMA2_Stream7_IRQHandler	0	static
../Core/Src/stm32f4xx_it.c:385:6:USART6_IRQHandler	0	static
../Core/Src/stm32f4xx_it.c:398:6:HAL_UARTEx_RxEventCallback	8	static
../Core/Src/stm32f4xx_it.c:429:6:HAL_CAN_RxFifo0MsgPendingCallback	48	static
