Archive member included to satisfy reference by file (symbol)

D:/STMicroelectronics/STM32CubeIDE/STM32CubeIDE_1.13.2/STM32CubeIDE/plugins/com.st.stm32cube.ide.mcu.externaltools.gnu-tools-for-stm32.11.3.rel1.win32_1.1.1.202309131626/tools/bin/../lib/gcc/arm-none-eabi/11.3.1/../../../../arm-none-eabi/lib/thumb/v7e-m+fp/hard\libc_nano.a(libc_a-exit.o)
                              D:/STMicroelectronics/STM32CubeIDE/STM32CubeIDE_1.13.2/STM32CubeIDE/plugins/com.st.stm32cube.ide.mcu.externaltools.gnu-tools-for-stm32.11.3.rel1.win32_1.1.1.202309131626/tools/bin/../lib/gcc/arm-none-eabi/11.3.1/../../../../arm-none-eabi/lib/thumb/v7e-m+fp/hard/crt0.o (exit)
D:/STMicroelectronics/STM32CubeIDE/STM32CubeIDE_1.13.2/STM32CubeIDE/plugins/com.st.stm32cube.ide.mcu.externaltools.gnu-tools-for-stm32.11.3.rel1.win32_1.1.1.202309131626/tools/bin/../lib/gcc/arm-none-eabi/11.3.1/../../../../arm-none-eabi/lib/thumb/v7e-m+fp/hard\libc_nano.a(libc_a-findfp.o)
                              ./Middlewares/Third_Party/FreeRTOS/Source/tasks.o (__sf)
D:/STMicroelectronics/STM32CubeIDE/STM32CubeIDE_1.13.2/STM32CubeIDE/plugins/com.st.stm32cube.ide.mcu.externaltools.gnu-tools-for-stm32.11.3.rel1.win32_1.1.1.202309131626/tools/bin/../lib/gcc/arm-none-eabi/11.3.1/../../../../arm-none-eabi/lib/thumb/v7e-m+fp/hard\libc_nano.a(libc_a-fwalk.o)
                              D:/STMicroelectronics/STM32CubeIDE/STM32CubeIDE_1.13.2/STM32CubeIDE/plugins/com.st.stm32cube.ide.mcu.externaltools.gnu-tools-for-stm32.11.3.rel1.win32_1.1.1.202309131626/tools/bin/../lib/gcc/arm-none-eabi/11.3.1/../../../../arm-none-eabi/lib/thumb/v7e-m+fp/hard\libc_nano.a(libc_a-findfp.o) (_fwalk_sglue)
D:/STMicroelectronics/STM32CubeIDE/STM32CubeIDE_1.13.2/STM32CubeIDE/plugins/com.st.stm32cube.ide.mcu.externaltools.gnu-tools-for-stm32.11.3.rel1.win32_1.1.1.202309131626/tools/bin/../lib/gcc/arm-none-eabi/11.3.1/../../../../arm-none-eabi/lib/thumb/v7e-m+fp/hard\libc_nano.a(libc_a-printf.o)
                              ./Core/Src/main.o (printf)
D:/STMicroelectronics/STM32CubeIDE/STM32CubeIDE_1.13.2/STM32CubeIDE/plugins/com.st.stm32cube.ide.mcu.externaltools.gnu-tools-for-stm32.11.3.rel1.win32_1.1.1.202309131626/tools/bin/../lib/gcc/arm-none-eabi/11.3.1/../../../../arm-none-eabi/lib/thumb/v7e-m+fp/hard\libc_nano.a(libc_a-setvbuf.o)
                              ./Core/Src/retarget.o (setvbuf)
D:/STMicroelectronics/STM32CubeIDE/STM32CubeIDE_1.13.2/STM32CubeIDE/plugins/com.st.stm32cube.ide.mcu.externaltools.gnu-tools-for-stm32.11.3.rel1.win32_1.1.1.202309131626/tools/bin/../lib/gcc/arm-none-eabi/11.3.1/../../../../arm-none-eabi/lib/thumb/v7e-m+fp/hard\libc_nano.a(libc_a-stdio.o)
                              D:/STMicroelectronics/STM32CubeIDE/STM32CubeIDE_1.13.2/STM32CubeIDE/plugins/com.st.stm32cube.ide.mcu.externaltools.gnu-tools-for-stm32.11.3.rel1.win32_1.1.1.202309131626/tools/bin/../lib/gcc/arm-none-eabi/11.3.1/../../../../arm-none-eabi/lib/thumb/v7e-m+fp/hard\libc_nano.a(libc_a-findfp.o) (__sread)
D:/STMicroelectronics/STM32CubeIDE/STM32CubeIDE_1.13.2/STM32CubeIDE/plugins/com.st.stm32cube.ide.mcu.externaltools.gnu-tools-for-stm32.11.3.rel1.win32_1.1.1.202309131626/tools/bin/../lib/gcc/arm-none-eabi/11.3.1/../../../../arm-none-eabi/lib/thumb/v7e-m+fp/hard\libc_nano.a(libc_a-memset.o)
                              D:/STMicroelectronics/STM32CubeIDE/STM32CubeIDE_1.13.2/STM32CubeIDE/plugins/com.st.stm32cube.ide.mcu.externaltools.gnu-tools-for-stm32.11.3.rel1.win32_1.1.1.202309131626/tools/bin/../lib/gcc/arm-none-eabi/11.3.1/../../../../arm-none-eabi/lib/thumb/v7e-m+fp/hard/crt0.o (memset)
D:/STMicroelectronics/STM32CubeIDE/STM32CubeIDE_1.13.2/STM32CubeIDE/plugins/com.st.stm32cube.ide.mcu.externaltools.gnu-tools-for-stm32.11.3.rel1.win32_1.1.1.202309131626/tools/bin/../lib/gcc/arm-none-eabi/11.3.1/../../../../arm-none-eabi/lib/thumb/v7e-m+fp/hard\libc_nano.a(libc_a-closer.o)
                              D:/STMicroelectronics/STM32CubeIDE/STM32CubeIDE_1.13.2/STM32CubeIDE/plugins/com.st.stm32cube.ide.mcu.externaltools.gnu-tools-for-stm32.11.3.rel1.win32_1.1.1.202309131626/tools/bin/../lib/gcc/arm-none-eabi/11.3.1/../../../../arm-none-eabi/lib/thumb/v7e-m+fp/hard\libc_nano.a(libc_a-stdio.o) (_close_r)
D:/STMicroelectronics/STM32CubeIDE/STM32CubeIDE_1.13.2/STM32CubeIDE/plugins/com.st.stm32cube.ide.mcu.externaltools.gnu-tools-for-stm32.11.3.rel1.win32_1.1.1.202309131626/tools/bin/../lib/gcc/arm-none-eabi/11.3.1/../../../../arm-none-eabi/lib/thumb/v7e-m+fp/hard\libc_nano.a(libc_a-reent.o)
                              ./Middlewares/Third_Party/FreeRTOS/Source/tasks.o (_reclaim_reent)
D:/STMicroelectronics/STM32CubeIDE/STM32CubeIDE_1.13.2/STM32CubeIDE/plugins/com.st.stm32cube.ide.mcu.externaltools.gnu-tools-for-stm32.11.3.rel1.win32_1.1.1.202309131626/tools/bin/../lib/gcc/arm-none-eabi/11.3.1/../../../../arm-none-eabi/lib/thumb/v7e-m+fp/hard\libc_nano.a(libc_a-impure.o)
                              ./Core/Src/retarget.o (_impure_ptr)
[...]
Memory Configuration

Name             Origin             Length             Attributes
CCMRAM           0x0000000010000000 0x0000000000010000 xrw
RAM              0x0000000020000000 0x0000000000020000 xrw
FLASH            0x0000000008000000 0x0000000000100000 xr
*default*        0x0000000000000000 0xffffffffffffffff

Linker script and memory map

LOAD D:/STMicroelectronics/STM32CubeIDE/STM32CubeIDE_1.13.2/STM32CubeIDE/plugins/com.st.stm32cube.ide.mcu.externaltools.gnu-tools-for-stm32.11.3.rel1.win32_1.1.1.202309131626/tools/bin/../lib/gcc/arm-none-eabi/11.3.1/thumb/v7e-m+fp/hard/crti.o
LOAD D:/STMicroelectronics/STM32CubeIDE/STM32CubeIDE_1.13.2/STM32CubeIDE/plugins/com.st.stm32cube.ide.mcu.externaltools.gnu-tools-for-stm32.11.3.rel1.win32_1.1.1.202309131626/tools/bin/../lib/gcc/arm-none-eabi/11.3.1/thumb/v7e-m+fp/hard/crtbegin.o
LOAD D:/STMicroelectronics/STM32CubeIDE/STM32CubeIDE_1.13.2/STM32CubeIDE/plugins/com.st.stm32cube.ide.mcu.externaltools.gnu-tools-for-stm32.11.3.rel1.win32_1.1.1.202309131626/tools/bin/../lib/gcc/arm-none-eabi/11.3.1/../../../../arm-none-eabi/lib/thumb/v7e-m+fp/hard/crt0.o
LOAD ./Core/Src/can.o
LOAD ./Core/Src/dma.o
LOAD ./Core/Src/freertos.o
LOAD ./Core/Src/gpio.o
LOAD ./Core/Src/main.o
LOAD ./Core/Src/retarget.o
LOAD ./Core/Src/spi.o
LOAD ./Core/Src/stm32f4xx_hal_msp.o
LOAD ./Core/Src/stm32f4xx_hal_timebase_tim.o
LOAD ./Core/Src/stm32f4xx_it.o
LOAD ./Core/Src/syscalls.o
LOAD ./Core/Src/sysmem.o
LOAD ./Core/Src/system_stm32f4xx.o
LOAD ./Core/Src/tim.o
LOAD ./Core/Src/usart.o
LOAD ./Core/Startup/startup_stm32f407ighx.o
LOAD ./Drivers/STM32F4xx_HAL_Driver/Src/stm32f4xx_hal.o
LOAD ./Drivers/STM32F4xx_HAL_Driver/Src/stm32f4xx_hal_can.o
LOAD ./Drivers/STM32F4xx_HAL_Driver/Src/stm32f4xx_hal_cortex.o
LOAD ./Drivers/STM32F4xx_HAL_Driver/Src/stm32f4xx_hal_dma.o
LOAD ./Drivers/STM32F4xx_HAL_Driver/Src/stm32f4xx_hal_dma_ex.o
LOAD ./Drivers/STM32F4xx_HAL_Driver/Src/stm32f4xx_hal_exti.o
LOAD ./Drivers/STM32F4xx_HAL_Driver/Src/stm32f4xx_hal_flash.o
LOAD ./Drivers/STM32F4xx_HAL_Driver/Src/stm32f4xx_hal_flash_ex.o
LOAD ./Drivers/STM32F4xx_HAL_Driver/Src/stm32f4xx_hal_flash_ramfunc.o
LOAD ./Drivers/STM32F4xx_HAL_Driver/Src/stm32f4xx_hal_gpio.o
LOAD ./Drivers/STM32F4xx_HAL_Driver/Src/stm32f4xx_hal_pcd.o
LOAD ./Drivers/STM32F4xx_HAL_Driver/Src/stm32f4xx_hal_pcd_ex.o
LOAD ./Drivers/STM32F4xx_HAL_Driver/Src/stm32f4xx_hal_pwr.o
LOAD ./Drivers/STM32F4xx_HAL_Driver/Src/stm32f4xx_hal_pwr_ex.o
LOAD ./Drivers/STM32F4xx_HAL_Driver/Src/stm32f4xx_hal_rcc.o
LOAD ./Drivers/STM32F4xx_HAL_Driver/Src/stm32f4xx_hal_rcc_ex.o
LOAD ./Drivers/STM32F4xx_HAL_Driver/Src/stm32f4xx_hal_spi.o
LOAD ./Drivers/STM32F4xx_HAL_Driver/Src/stm32f4xx_hal_tim.o
LOAD ./Drivers/STM32F4xx_HAL_Driver/Src/stm32f4xx_hal_tim_ex.o
LOAD ./Drivers/STM32F4xx_HAL_Driver/Src/stm32f4xx_hal_uart.o
LOAD ./Drivers/STM32F4xx_HAL_Driver/Src/stm32f4xx_ll_usb.o
LOAD ./Middlewares/ST/STM32_USB_Device_Library/Class/CDC/Src/usbd_cdc.o
LOAD ./Middlewares/ST/STM32_USB_Device_Library/Core/Src/usbd_core.o
LOAD ./Middlewares/ST/STM32_USB_Device_Library/Core/Src/usbd_ctlreq.o
LOAD ./Middlewares/ST/STM32_USB_Device_Library/Core/Src/usbd_ioreq.o
LOAD ./Middlewares/Third_Party/FreeRTOS/Source/CMSIS_RTOS_V2/cmsis_os2.o
LOAD ./Middlewares/Third_Party/FreeRTOS/Source/croutine.o
LOAD ./Middlewares/Third_Party/FreeRTOS/Source/event_groups.o
LOAD ./Middlewares/Third_Party/FreeRTOS/Source/list.o
LOAD ./Middlewares/Third_Party/FreeRTOS/Source/queue.o
LOAD ./Middlewares/Third_Party/FreeRTOS/Source/stream_buffer.o
LOAD ./Middlewares/Third_Party/FreeRTOS/Source/tasks.o
LOAD ./Middlewares/Third_Party/FreeRTOS/Source/timers.o
LOAD ./Middlewares/Third_Party/FreeRTOS/Source/portable/GCC/ARM_CM4F/port.o
LOAD ./Middlewares/Third_Party/FreeRTOS/Source/portable/MemMang/heap_4.o
LOAD ./USB_DEVICE/App/usb_device.o
LOAD ./USB_DEVICE/App/usbd_cdc_if.o
LOAD ./USB_DEVICE/App/usbd_desc.o
LOAD ./USB_DEVICE/Target/usbd_conf.o
START GROUP
LOAD D:/STMicroelectronics/STM32CubeIDE/STM32CubeIDE_1.13.2/STM32CubeIDE/plugins/com.st.stm32cube.ide.mcu.externaltools.gnu-tools-for-stm32.11.3.rel1.win32_1.1.1.202309131626/tools/bin/../lib/gcc/arm-none-eabi/11.3.1/../../../../arm-none-eabi/lib/thumb/v7e-m+fp/hard\libc_nano.a
LOAD D:/STMicroelectronics/STM32CubeIDE/STM32CubeIDE_1.13.2/STM32CubeIDE/plugins/com.st.stm32cube.ide.mcu.externaltools.gnu-tools-for-stm32.11.3.rel1.win32_1.1.1.202309131626/tools/bin/../lib/gcc/arm-none-eabi/11.3.1/../../../../arm-none-eabi/lib/thumb/v7e-m+fp/hard\libm.a
END GROUP
START GROUP
LOAD D:/STMicroelectronics/STM32CubeIDE/STM32CubeIDE_1.13.2/STM32CubeIDE/plugins/com.st.stm32cube.ide.mcu.externaltools.gnu-tools-for-stm32.11.3.rel1.win32_1.1.1.202309131626/tools/bin/../lib/gcc/arm-none-eabi/11.3.1/thumb/v7e-m+fp/hard\libgcc.a
LOAD D:/STMicroelectronics/STM32CubeIDE/STM32CubeIDE_1.13.2/STM32CubeIDE/plugins/com.st.stm32cube.ide.mcu.externaltools.gnu-tools-for-stm32.11.3.rel1.win32_1.1.1.202309131626/tools/bin/../lib/gcc/arm-none-eabi/11.3.1/../../../../arm-none-eabi/lib/thumb/v7e-m+fp/hard\libc_nano.a
END GROUP
START GROUP
LOAD D:/STMicroelectronics/STM32CubeIDE/STM32CubeIDE_1.13.2/STM32CubeIDE/plugins/com.st.stm32cube.ide.mcu.externaltools.gnu-tools-for-stm32.11.3.rel1.win32_1.1.1.202309131626/tools/bin/../lib/gcc/arm-none-eabi/11.3.1/thumb/v7e-m+fp/hard\libgcc.a
LOAD D:/STMicroelectronics/STM32CubeIDE/STM32CubeIDE_1.13.2/STM32CubeIDE/plugins/com.st.stm32cube.ide.mcu.externaltools.gnu-tools-for-stm32.11.3.rel1.win32_1.1.1.202309131626/tools/bin/../lib/gcc/arm-none-eabi/11.3.1/../../../../arm-none-eabi/lib/thumb/v7e-m+fp/hard\libc_nano.a
LOAD D:/STMicroelectronics/STM32CubeIDE/STM32CubeIDE_1.13.2/STM32CubeIDE/plugins/com.st.stm32cube.ide.mcu.externaltools.gnu-tools-for-stm32.11.3.rel1.win32_1.1.1.202309131626/tools/bin/../lib/gcc/arm-none-eabi/11.3.1/../../../../arm-none-eabi/lib/thumb/v7e-m+fp/hard\libnosys.a
END GROUP
START GROUP
LOAD D:/STMicroelectronics/STM32CubeIDE/STM32CubeIDE_1.13.2/STM32CubeIDE/plugins/com.st.stm32cube.ide.mcu.externaltools.gnu-tools-for-stm32.11.3.rel1.win32_1.1.1.202309131626/tools/bin/../lib/gcc/arm-none-eabi/11.3.1/thumb/v7e-m+fp/hard\libgcc.a
LOAD D:/STMicroelectronics/STM32CubeIDE/STM32CubeIDE_1.13.2/STM32CubeIDE/plugins/com.st.stm32cube.ide.mcu.externaltools.gnu-tools-for-stm32.11.3.rel1.win32_1.1.1.202309131626/tools/bin/../lib/gcc/arm-none-eabi/11.3.1/../../../../arm-none-eabi/lib/thumb/v7e-m+fp/hard\libc_nano.a
LOAD D:/STMicroelectronics/STM32CubeIDE/STM32CubeIDE_1.13.2/STM32CubeIDE/plugins/com.st.stm32cube.ide.mcu.externaltools.gnu-tools-for-stm32.11.3.rel1.win32_1.1.1.202309131626/tools/bin/../lib/gcc/arm-none-eabi/11.3.1/../../../../arm-none-eabi/lib/thumb/v7e-m+fp/hard\libnosys.a
END GROUP
LOAD D:/STMicroelectronics/STM32CubeIDE/STM32CubeIDE_1.13.2/STM32CubeIDE/plugins/com.st.stm32cube.ide.mcu.externaltools.gnu-tools-for-stm32.11.3.rel1.win32_1.1.1.202309131626/tools/bin/../lib/gcc/arm-none-eabi/11.3.1/thumb/v7e-m+fp/hard/crtend.o
LOAD D:/STMicroelectronics/STM32CubeIDE/STM32CubeIDE_1.13.2/STM32CubeIDE/plugins/com.st.stm32cube.ide.mcu.externaltools.gnu-tools-for-stm32.11.3.rel1.win32_1.1.1.202309131626/tools/bin/../lib/gcc/arm-none-eabi/11.3.1/thumb/v7e-m+fp/hard/crtn.o
                0x0000000020020000                _estack = (ORIGIN (RAM) + LENGTH (RAM))
                0x0000000000000200                _Min_Heap_Size = 0x200
                0x0000000000000400                _Min_Stack_Size = 0x400

.isr_vector     0x0000000008000000      0x188
                0x0000000008000000                . = ALIGN (0x4)
 *(.isr_vector)
 .isr_vector    0x0000000008000000      0x188 ./Core/Startup/startup_stm32f407ighx.o
                0x0000000008000000                g_pfnVectors
                0x0000000008000188                . = ALIGN (0x4)

.text           0x0000000008000190     0x83c8
                0x0000000008000190                . = ALIGN (0x4)
 *(.text)
 .text          0x0000000008000190       0x40 D:/STMicroelectronics/STM32CubeIDE/STM32CubeIDE_1.13.2/STM32CubeIDE/plugins/com.st.stm32cube.ide.mcu.externaltools.gnu-tools-for-stm32.11.3.rel1.win32_1.1.1.202309131626/tools/bin/../lib/gcc/arm-none-eabi/11.3.1/thumb/v7e-m+fp/hard/crtbegin.o
 .text          0x00000000080001d0       0xa0 D:/STMicroelectronics/STM32CubeIDE/STM32CubeIDE_1.13.2/STM32CubeIDE/plugins/com.st.stm32cube.ide.mcu.externaltools.gnu-tools-for-stm32.11.3.rel1.win32_1.1.1.202309131626/tools/bin/../lib/gcc/arm-none-eabi/11.3.1/../../../../arm-none-eabi/lib/thumb/v7e-m+fp/hard\libc_nano.a(libc_a-memchr.o)
                0x00000000080001d0                memchr
 .text          0x0000000008000270       0x30 D:/STMicroelectronics/STM32CubeIDE/STM32CubeIDE_1.13.2/STM32CubeIDE/plugins/com.st.stm32cube.ide.mcu.externaltools.gnu-tools-for-stm32.11.3.rel1.win32_1.1.1.202309131626/tools/bin/../lib/gcc/arm-none-eabi/11.3.1/thumb/v7e-m+fp/hard\libgcc.a(_aeabi_uldivmod.o)
                0x0000000008000270                __aeabi_uldivmod
 .text          0x00000000080002a0      0x2c8 D:/STMicroelectronics/STM32CubeIDE/STM32CubeIDE_1.13.2/STM32CubeIDE/plugins/com.st.stm32cube.ide.mcu.externaltools.gnu-tools-for-stm32.11.3.rel1.win32_1.1.1.202309131626/tools/bin/../lib/gcc/arm-none-eabi/11.3.1/thumb/v7e-m+fp/hard\libgcc.a(_udivmoddi4.o)
                0x00000000080002a0                __udivmoddi4
 .text          0x0000000008000568        0x4 D:/STMicroelectronics/STM32CubeIDE/STM32CubeIDE_1.13.2/STM32CubeIDE/plugins/com.st.stm32cube.ide.mcu.externaltools.gnu-tools-for-stm32.11.3.rel1.win32_1.1.1.202309131626/tools/bin/../lib/gcc/arm-none-eabi/11.3.1/thumb/v7e-m+fp/hard\libgcc.a(_dvmd_tls.o)
                0x0000000008000568                __aeabi_idiv0
                0x0000000008000568                __aeabi_ldiv0
 *(.text*)
 .text.MX_CAN1_Init
                0x000000000800056c       0x40 ./Core/Src/can.o
                0x000000000800056c                MX_CAN1_Init
 .text.MX_CAN2_Init
                0x00000000080005ac       0x40 ./Core/Src/can.o
                0x00000000080005ac                MX_CAN2_Init
 .text.HAL_CAN_MspInit
                0x00000000080005ec      0x114 ./Core/Src/can.o
                0x00000000080005ec                HAL_CAN_MspInit
 .text.MX_DMA_Init
                0x0000000008000700       0x78 ./Core/Src/dma.o
                0x0000000008000700                MX_DMA_Init
 .text.StartDefaultTask
                0x0000000008000778       0x34 ./Core/Src/freertos.o
                0x0000000008000778                StartDefaultTask
 .text.Start_CAN_SendMessage
                0x00000000080007ac        0xa ./Core/Src/freertos.o
                0x00000000080007ac                Start_CAN_SendMessage
 .text.Start_AMMO_SendMessage
                0x00000000080007b6        0xa ./Core/Src/freertos.o
                0x00000000080007b6                Start_AMMO_SendMessage
 .text.Start_IMU_Read
                0x00000000080007c0       0x18 ./Core/Src/freertos.o
                0x00000000080007c0                Start_IMU_Read
 .text.Start_Remote_RecieveMessage
                0x00000000080007d8       0x1c ./Core/Src/freertos.o
                0x00000000080007d8                Start_Remote_RecieveMessage
 .text.MX_FREERTOS_Init
                0x00000000080007f4       0x88 ./Core/Src/freertos.o
                0x00000000080007f4                MX_FREERTOS_Init
 .text.MX_GPIO_Init
                0x000000000800087c      0x10c ./Core/Src/gpio.o
                0x000000000800087c                MX_GPIO_Init
 .text.SystemClock_Config
                0x0000000008000988       0xa4 ./Core/Src/main.o
                0x0000000008000988                SystemClock_Config
 .text.startup.main
                0x0000000008000a2c       0xa8 ./Core/Src/main.o
                0x0000000008000a2c                main
 .text.HAL_TIM_PeriodElapsedCallback
                0x0000000008000ad4       0x14 ./Core/Src/main.o
                0x0000000008000ad4                HAL_TIM_PeriodElapsedCallback
 .text.Error_Handler
                0x0000000008000ae8        0x4 ./Core/Src/main.o
                0x0000000008000ae8                Error_Handler
 .text.RetargetInit
                0x0000000008000aec       0x1c ./Core/Src/retarget.o
                0x0000000008000aec                RetargetInit
 .text._isatty  0x0000000008000b08       0x16 ./Core/Src/retarget.o
                0x0000000008000b08                _isatty
 *fill*         0x0000000008000b1e        0x2 
 .text._write   0x0000000008000b20       0x34 ./Core/Src/retarget.o
                0x0000000008000b20                _write
 .text._close   0x0000000008000b54       0x18 ./Core/Src/retarget.o
                0x0000000008000b54                _close
 .text._lseek   0x0000000008000b6c       0x10 ./Core/Src/retarget.o
                0x0000000008000b6c                _lseek
 .text._read    0x0000000008000b7c       0x30 ./Core/Src/retarget.o
                0x0000000008000b7c                _read
 .text._fstat   0x0000000008000bac       0x1a ./Core/Src/retarget.o
                0x0000000008000bac                _fstat
 *fill*         0x0000000008000bc6        0x2 
 .text.MX_SPI1_Init
                0x0000000008000bc8       0x48 ./Core/Src/spi.o
                0x0000000008000bc8                MX_SPI1_Init
 .text.HAL_SPI_MspInit
                0x0000000008000c10       0xa8 ./Core/Src/spi.o
                0x0000000008000c10                HAL_SPI_MspInit
 .text.HAL_MspInit
                0x0000000008000cb8       0x40 ./Core/Src/stm32f4xx_hal_msp.o
                0x0000000008000cb8                HAL_MspInit
 .text.HAL_InitTick
                0x0000000008000cf8       0xa0 ./Core/Src/stm32f4xx_hal_timebase_tim.o
                0x0000000008000cf8                HAL_InitTick
 .text.NMI_Handler
                0x0000000008000d98        0x2 ./Core/Src/stm32f4xx_it.o
                0x0000000008000d98                NMI_Handler
 .text.HardFault_Handler
                0x0000000008000d9a        0x2 ./Core/Src/stm32f4xx_it.o
                0x0000000008000d9a                HardFault_Handler
 .text.MemManage_Handler
                0x0000000008000d9c        0x2 ./Core/Src/stm32f4xx_it.o
                0x0000000008000d9c                MemManage_Handler
 .text.BusFault_Handler
                0x0000000008000d9e        0x2 ./Core/Src/stm32f4xx_it.o
                0x0000000008000d9e                BusFault_Handler
 .text.UsageFault_Handler
                0x0000000008000da0        0x2 ./Core/Src/stm32f4xx_it.o
                0x0000000008000da0                UsageFault_Handler
 .text.DebugMon_Handler
                0x0000000008000da2        0x2 ./Core/Src/stm32f4xx_it.o
                0x0000000008000da2                DebugMon_Handler
 .text.DMA1_Stream1_IRQHandler
                0x0000000008000da4        0xc ./Core/Src/stm32f4xx_it.o
                0x0000000008000da4                DMA1_Stream1_IRQHandler
 .text.CAN1_RX0_IRQHandler
                0x0000000008000db0        0xc ./Core/Src/stm32f4xx_it.o
                0x0000000008000db0                CAN1_RX0_IRQHandler
 .text.TIM1_BRK_TIM9_IRQHandler
                0x0000000008000dbc        0xc ./Core/Src/stm32f4xx_it.o
                0x0000000008000dbc                TIM1_BRK_TIM9_IRQHandler
 .text.SPI1_IRQHandler
                0x0000000008000dc8        0xc ./Core/Src/stm32f4xx_it.o
                0x0000000008000dc8                SPI1_IRQHandler
 .text.USART1_IRQHandler
                0x0000000008000dd4        0xc ./Core/Src/stm32f4xx_it.o
                0x0000000008000dd4                USART1_IRQHandler
 .text.USART3_IRQHandler
                0x0000000008000de0        0xc ./Core/Src/stm32f4xx_it.o
                0x0000000008000de0                USART3_IRQHandler
 .text.TIM8_BRK_TIM12_IRQHandler
                0x0000000008000dec        0xc ./Core/Src/stm32f4xx_it.o
                0x0000000008000dec                TIM8_BRK_TIM12_IRQHandler
 .text.TIM5_IRQHandler
                0x0000000008000df8        0xc ./Core/Src/stm32f4xx_it.o
                0x0000000008000df8                TIM5_IRQHandler
 .text.TIM6_DAC_IRQHandler
                0x0000000008000e04        0xc ./Core/Src/stm32f4xx_it.o
                0x0000000008000e04                TIM6_DAC_IRQHandler
 .text.DMA2_Stream1_IRQHandler
                0x0000000008000e10        0xc ./Core/Src/stm32f4xx_it.o
                0x0000000008000e10                DMA2_Stream1_IRQHandler
 .text.DMA2_Stream2_IRQHandler
                0x0000000008000e1c        0xc ./Core/Src/stm32f4xx_it.o
                0x0000000008000e1c                DMA2_Stream2_IRQHandler
 .text.CAN2_RX0_IRQHandler
                0x0000000008000e28        0xc ./Core/Src/stm32f4xx_it.o
                0x0000000008000e28                CAN2_RX0_IRQHandler
 .text.OTG_FS_IRQHandler
                0x0000000008000e34        0xc ./Core/Src/stm32f4xx_it.o
                0x0000000008000e34                OTG_FS_IRQHandler
 .text.DMA2_Stream7_IRQHandler
                0x0000000008000e40        0xc ./Core/Src/stm32f4xx_it.o
                0x0000000008000e40                DMA2_Stream7_IRQHandler
 .text.USART6_IRQHandler
                0x0000000008000e4c        0xc ./Core/Src/stm32f4xx_it.o
                0x0000000008000e4c                USART6_IRQHandler
 .text.HAL_UARTEx_RxEventCallback
                0x0000000008000e58       0x4c ./Core/Src/stm32f4xx_it.o
                0x0000000008000e58                HAL_UARTEx_RxEventCallback
 .text.HAL_CAN_RxFifo0MsgPendingCallback
                0x0000000008000ea4       0x4c ./Core/Src/stm32f4xx_it.o
                0x0000000008000ea4                HAL_CAN_RxFifo0MsgPendingCallback
 .text._sbrk    0x0000000008000ef0       0x40 ./Core/Src/sysmem.o
                0x0000000008000ef0                _sbrk
 .text.SystemInit
                0x0000000008000f30       0x14 ./Core/Src/system_stm32f4xx.o
                0x0000000008000f30                SystemInit
 .text.MX_TIM5_Init
                0x0000000008000f44       0x68 ./Core/Src/tim.o
                0x0000000008000f44                MX_TIM5_Init
 .text.MX_TIM9_Init
                0x0000000008000fac       0x50 ./Core/Src/tim.o
                0x0000000008000fac                MX_TIM9_Init
 .text.MX_TIM12_Init
                0x0000000008000ffc       0x50 ./Core/Src/tim.o
                0x0000000008000ffc                MX_TIM12_Init
 .text.HAL_TIM_Base_MspInit
                0x000000000800104c       0xa0 ./Core/Src/tim.o
                0x000000000800104c                HAL_TIM_Base_MspInit
 .text.MX_USART1_UART_Init
                0x00000000080010ec       0x38 ./Core/Src/usart.o
                0x00000000080010ec                MX_USART1_UART_Init
 .text.MX_USART3_UART_Init
                0x0000000008001124       0x40 ./Core/Src/usart.o
                0x0000000008001124                MX_USART3_UART_Init
 .text.MX_USART6_UART_Init
                0x0000000008001164       0x38 ./Core/Src/usart.o
                0x0000000008001164                MX_USART6_UART_Init
 .text.HAL_UART_MspInit
                0x000000000800119c      0x270 ./Core/Src/usart.o
                0x000000000800119c                HAL_UART_MspInit
 .text.Reset_Handler
                0x000000000800140c       0x50 ./Core/Startup/startup_stm32f407ighx.o
                0x000000000800140c                Reset_Handler
 .text.Default_Handler
                0x000000000800145c        0x2 ./Core/Startup/startup_stm32f407ighx.o
                0x000000000800145c                RTC_Alarm_IRQHandler
                0x000000000800145c                HASH_RNG_IRQHandler
                0x000000000800145c                EXTI2_IRQHandler
                0x000000000800145c                TIM8_CC_IRQHandler
                0x000000000800145c                TIM1_CC_IRQHandler
                0x000000000800145c                DMA2_Stream5_IRQHandler
                0x000000000800145c                DMA1_Stream5_IRQHandler
                0x000000000800145c                PVD_IRQHandler
                0x000000000800145c                SDIO_IRQHandler
                0x000000000800145c                TAMP_STAMP_IRQHandler
                0x000000000800145c                CAN2_RX1_IRQHandler
                0x000000000800145c                EXTI3_IRQHandler
                0x000000000800145c                TIM8_TRG_COM_TIM14_IRQHandler
                0x000000000800145c                TIM1_UP_TIM10_IRQHandler
                0x000000000800145c                TIM8_UP_TIM13_IRQHandler
                0x000000000800145c                I2C3_ER_IRQHandler
                0x000000000800145c                EXTI0_IRQHandler
                0x000000000800145c                I2C2_EV_IRQHandler
                0x000000000800145c                DMA1_Stream2_IRQHandler
                0x000000000800145c                FPU_IRQHandler
                0x000000000800145c                OTG_HS_WKUP_IRQHandler
                0x000000000800145c                CAN2_SCE_IRQHandler
                0x000000000800145c                DCMI_IRQHandler
                0x000000000800145c                DMA2_Stream3_IRQHandler
                0x000000000800145c                CAN1_RX1_IRQHandler
                0x000000000800145c                UART5_IRQHandler
                0x000000000800145c                DMA2_Stream0_IRQHandler
                0x000000000800145c                TIM4_IRQHandler
                0x000000000800145c                I2C1_EV_IRQHandler
                0x000000000800145c                DMA1_Stream6_IRQHandler
                0x000000000800145c                UART4_IRQHandler
                0x000000000800145c                TIM3_IRQHandler
                0x000000000800145c                RCC_IRQHandler
                0x000000000800145c                Default_Handler
                0x000000000800145c                EXTI15_10_IRQHandler
                0x000000000800145c                ADC_IRQHandler
                0x000000000800145c                DMA1_Stream7_IRQHandler
                0x000000000800145c                TIM7_IRQHandler
                0x000000000800145c                CAN2_TX_IRQHandler
                0x000000000800145c                I2C3_EV_IRQHandler
                0x000000000800145c                EXTI9_5_IRQHandler
                0x000000000800145c                RTC_WKUP_IRQHandler
                0x000000000800145c                ETH_WKUP_IRQHandler
                0x000000000800145c                SPI2_IRQHandler
                0x000000000800145c                OTG_HS_EP1_IN_IRQHandler
                0x000000000800145c                DMA1_Stream0_IRQHandler
                0x000000000800145c                CAN1_TX_IRQHandler
                0x000000000800145c                EXTI4_IRQHandler
                0x000000000800145c                FSMC_IRQHandler
                0x000000000800145c                ETH_IRQHandler
                0x000000000800145c                OTG_HS_EP1_OUT_IRQHandler
                0x000000000800145c                WWDG_IRQHandler
                0x000000000800145c                TIM2_IRQHandler
                0x000000000800145c                OTG_FS_WKUP_IRQHandler
                0x000000000800145c                TIM1_TRG_COM_TIM11_IRQHandler
                0x000000000800145c                OTG_HS_IRQHandler
                0x000000000800145c                EXTI1_IRQHandler
                0x000000000800145c                USART2_IRQHandler
                0x000000000800145c                I2C2_ER_IRQHandler
                0x000000000800145c                CAN1_SCE_IRQHandler
                0x000000000800145c                FLASH_IRQHandler
                0x000000000800145c                DMA2_Stream4_IRQHandler
                0x000000000800145c                SPI3_IRQHandler
                0x000000000800145c                DMA1_Stream4_IRQHandler
                0x000000000800145c                I2C1_ER_IRQHandler
                0x000000000800145c                DMA2_Stream6_IRQHandler
                0x000000000800145c                DMA1_Stream3_IRQHandler
 *fill*         0x000000000800145e        0x2 
 .text.HAL_Init
                0x0000000008001460       0x34 ./Drivers/STM32F4xx_HAL_Driver/Src/stm32f4xx_hal.o
                0x0000000008001460                HAL_Init
 .text.HAL_IncTick
                0x0000000008001494       0x18 ./Drivers/STM32F4xx_HAL_Driver/Src/stm32f4xx_hal.o
                0x0000000008001494                HAL_IncTick
 .text.HAL_GetTick
                0x00000000080014ac        0xc ./Drivers/STM32F4xx_HAL_Driver/Src/stm32f4xx_hal.o
                0x00000000080014ac                HAL_GetTick
 .text.HAL_Delay
                0x00000000080014b8       0x28 ./Drivers/STM32F4xx_HAL_Driver/Src/stm32f4xx_hal.o
                0x00000000080014b8                HAL_Delay
 .text.HAL_CAN_Init
                0x00000000080014e0       0xf6 ./Drivers/STM32F4xx_HAL_Driver/Src/stm32f4xx_hal_can.o
                0x00000000080014e0                HAL_CAN_Init
 .text.HAL_CAN_GetRxMessage
                0x00000000080015d6       0xee ./Drivers/STM32F4xx_HAL_Driver/Src/stm32f4xx_hal_can.o
                0x00000000080015d6                HAL_CAN_GetRxMessage
 .text.HAL_CAN_ActivateNotification
                0x00000000080016c4       0x22 ./Drivers/STM32F4xx_HAL_Driver/Src/stm32f4xx_hal_can.o
                0x00000000080016c4                HAL_CAN_ActivateNotification
 .text.HAL_CAN_TxMailbox0CompleteCallback
                0x00000000080016e6        0x2 ./Drivers/STM32F4xx_HAL_Driver/Src/stm32f4xx_hal_can.o
                0x00000000080016e6                HAL_CAN_TxMailbox0CompleteCallback
 .text.HAL_CAN_TxMailbox1CompleteCallback
                0x00000000080016e8        0x2 ./Drivers/STM32F4xx_HAL_Driver/Src/stm32f4xx_hal_can.o
                0x00000000080016e8                HAL_CAN_TxMailbox1CompleteCallback
 .text.HAL_CAN_TxMailbox2CompleteCallback
                0x00000000080016ea        0x2 ./Drivers/STM32F4xx_HAL_Driver/Src/stm32f4xx_hal_can.o
                0x00000000080016ea                HAL_CAN_TxMailbox2CompleteCallback
 .text.HAL_CAN_TxMailbox0AbortCallback
                0x00000000080016ec        0x2 ./Drivers/STM32F4xx_HAL_Driver/Src/stm32f4xx_hal_can.o
                0x00000000080016ec                HAL_CAN_TxMailbox0AbortCallback
 .text.HAL_CAN_TxMailbox1AbortCallback
                0x00000000080016ee        0x2 ./Drivers/STM32F4xx_HAL_Driver/Src/stm32f4xx_hal_can.o
                0x00000000080016ee                HAL_CAN_TxMailbox1AbortCallback
 .text.HAL_CAN_TxMailbox2AbortCallback
                0x00000000080016f0        0x2 ./Drivers/STM32F4xx_HAL_Driver/Src/stm32f4xx_hal_can.o
                0x00000000080016f0                HAL_CAN_TxMailbox2AbortCallback
 .text.HAL_CAN_RxFifo0FullCallback
                0x00000000080016f2        0x2 ./Drivers/STM32F4xx_HAL_Driver/Src/stm32f4xx_hal_can.o
                0x00000000080016f2                HAL_CAN_RxFifo0FullCallback
 .text.HAL_CAN_RxFifo1MsgPendingCallback
                0x00000000080016f4        0x2 ./Drivers/STM32F4xx_HAL_Driver/Src/stm32f4xx_hal_can.o
                0x00000000080016f4                HAL_CAN_RxFifo1MsgPendingCallback
 .text.HAL_CAN_RxFifo1FullCallback
                0x00000000080016f6        0x2 ./Drivers/STM32F4xx_HAL_Driver/Src/stm32f4xx_hal_can.o
                0x00000000080016f6                HAL_CAN_RxFifo1FullCallback
 .text.HAL_CAN_SleepCallback
                0x00000000080016f8        0x2 ./Drivers/STM32F4xx_HAL_Driver/Src/stm32f4xx_hal_can.o
                0x00000000080016f8                HAL_CAN_SleepCallback
 .text.HAL_CAN_WakeUpFromRxMsgCallback
                0x00000000080016fa        0x2 ./Drivers/STM32F4xx_HAL_Driver/Src/stm32f4xx_hal_can.o
                0x00000000080016fa                HAL_CAN_WakeUpFromRxMsgCallback
 .text.HAL_CAN_ErrorCallback
                0x00000000080016fc        0x2 ./Drivers/STM32F4xx_HAL_Driver/Src/stm32f4xx_hal_can.o
                0x00000000080016fc                HAL_CAN_ErrorCallback
 .text.HAL_CAN_IRQHandler
                0x00000000080016fe      0x1fc ./Drivers/STM32F4xx_HAL_Driver/Src/stm32f4xx_hal_can.o
                0x00000000080016fe                HAL_CAN_IRQHandler
 *fill*         0x00000000080018fa        0x2 
 .text.HAL_NVIC_SetPriorityGrouping
                0x00000000080018fc       0x24 ./Drivers/STM32F4xx_HAL_Driver/Src/stm32f4xx_hal_cortex.o
                0x00000000080018fc                HAL_NVIC_SetPriorityGrouping
 .text.HAL_NVIC_SetPriority
                0x0000000008001920       0x64 ./Drivers/STM32F4xx_HAL_Driver/Src/stm32f4xx_hal_cortex.o
                0x0000000008001920                HAL_NVIC_SetPriority
 .text.HAL_NVIC_EnableIRQ
                0x0000000008001984       0x1c ./Drivers/STM32F4xx_HAL_Driver/Src/stm32f4xx_hal_cortex.o
                0x0000000008001984                HAL_NVIC_EnableIRQ
 .text.DMA_CalcBaseAndBitshift
                0x00000000080019a0       0x2c ./Drivers/STM32F4xx_HAL_Driver/Src/stm32f4xx_hal_dma.o
 .text.HAL_DMA_Init
                0x00000000080019cc       0xfc ./Drivers/STM32F4xx_HAL_Driver/Src/stm32f4xx_hal_dma.o
                0x00000000080019cc                HAL_DMA_Init
 .text.HAL_DMA_Start_IT
                0x0000000008001ac8       0x74 ./Drivers/STM32F4xx_HAL_Driver/Src/stm32f4xx_hal_dma.o
                0x0000000008001ac8                HAL_DMA_Start_IT
 .text.HAL_DMA_Abort
                0x0000000008001b3c       0x7e ./Drivers/STM32F4xx_HAL_Driver/Src/stm32f4xx_hal_dma.o
                0x0000000008001b3c                HAL_DMA_Abort
 .text.HAL_DMA_Abort_IT
                0x0000000008001bba       0x24 ./Drivers/STM32F4xx_HAL_Driver/Src/stm32f4xx_hal_dma.o
                0x0000000008001bba                HAL_DMA_Abort_IT
 *fill*         0x0000000008001bde        0x2 
 .text.HAL_DMA_IRQHandler
                0x0000000008001be0      0x17c ./Drivers/STM32F4xx_HAL_Driver/Src/stm32f4xx_hal_dma.o
                0x0000000008001be0                HAL_DMA_IRQHandler
 .text.HAL_GPIO_Init
                0x0000000008001d5c      0x1b4 ./Drivers/STM32F4xx_HAL_Driver/Src/stm32f4xx_hal_gpio.o
                0x0000000008001d5c                HAL_GPIO_Init
 .text.HAL_GPIO_WritePin
                0x0000000008001f10        0xa ./Drivers/STM32F4xx_HAL_Driver/Src/stm32f4xx_hal_gpio.o
                0x0000000008001f10                HAL_GPIO_WritePin
 .text.HAL_GPIO_TogglePin
                0x0000000008001f1a       0x12 ./Drivers/STM32F4xx_HAL_Driver/Src/stm32f4xx_hal_gpio.o
                0x0000000008001f1a                HAL_GPIO_TogglePin
 .text.HAL_PCD_Init
                0x0000000008001f2c      0x10a ./Drivers/STM32F4xx_HAL_Driver/Src/stm32f4xx_hal_pcd.o
                0x0000000008001f2c                HAL_PCD_Init
 .text.HAL_PCD_Start
                0x0000000008002036       0x3e ./Drivers/STM32F4xx_HAL_Driver/Src/stm32f4xx_hal_pcd.o
                0x0000000008002036                HAL_PCD_Start
 .text.HAL_PCD_SetAddress
                0x0000000008002074       0x28 ./Drivers/STM32F4xx_HAL_Driver/Src/stm32f4xx_hal_pcd.o
                0x0000000008002074                HAL_PCD_SetAddress
 .text.HAL_PCD_EP_Open
                0x000000000800209c       0x70 ./Drivers/STM32F4xx_HAL_Driver/Src/stm32f4xx_hal_pcd.o
                0x000000000800209c                HAL_PCD_EP_Open
 .text.HAL_PCD_EP_Close
                0x000000000800210c       0x5e ./Drivers/STM32F4xx_HAL_Driver/Src/stm32f4xx_hal_pcd.o
                0x000000000800210c                HAL_PCD_EP_Close
 .text.HAL_PCD_EP_Receive
                0x000000000800216a       0x48 ./Drivers/STM32F4xx_HAL_Driver/Src/stm32f4xx_hal_pcd.o
                0x000000000800216a                HAL_PCD_EP_Receive
 .text.HAL_PCD_EP_GetRxCount
                0x00000000080021b2       0x10 ./Drivers/STM32F4xx_HAL_Driver/Src/stm32f4xx_hal_pcd.o
                0x00000000080021b2                HAL_PCD_EP_GetRxCount
 .text.HAL_PCD_EP_Transmit
                0x00000000080021c2       0x40 ./Drivers/STM32F4xx_HAL_Driver/Src/stm32f4xx_hal_pcd.o
                0x00000000080021c2                HAL_PCD_EP_Transmit
 .text.HAL_PCD_EP_SetStall
                0x0000000008002202       0x74 ./Drivers/STM32F4xx_HAL_Driver/Src/stm32f4xx_hal_pcd.o
                0x0000000008002202                HAL_PCD_EP_SetStall
 .text.HAL_PCD_EP_ClrStall
                0x0000000008002276       0x6c ./Drivers/STM32F4xx_HAL_Driver/Src/stm32f4xx_hal_pcd.o
                0x0000000008002276                HAL_PCD_EP_ClrStall
 .text.HAL_PCD_EP_Abort
                0x00000000080022e2       0x20 ./Drivers/STM32F4xx_HAL_Driver/Src/stm32f4xx_hal_pcd.o
                0x00000000080022e2                HAL_PCD_EP_Abort
 *fill*         0x0000000008002302        0x2 
 .text.HAL_PCD_IRQHandler
                0x0000000008002304      0x690 ./Drivers/STM32F4xx_HAL_Driver/Src/stm32f4xx_hal_pcd.o
                0x0000000008002304                HAL_PCD_IRQHandler
 .text.HAL_PCDEx_SetTxFiFo
                0x0000000008002994       0x40 ./Drivers/STM32F4xx_HAL_Driver/Src/stm32f4xx_hal_pcd_ex.o
                0x0000000008002994                HAL_PCDEx_SetTxFiFo
 .text.HAL_PCDEx_SetRxFiFo
                0x00000000080029d4        0x8 ./Drivers/STM32F4xx_HAL_Driver/Src/stm32f4xx_hal_pcd_ex.o
                0x00000000080029d4                HAL_PCDEx_SetRxFiFo
 .text.HAL_PCDEx_LPM_Callback
                0x00000000080029dc        0x2 ./Drivers/STM32F4xx_HAL_Driver/Src/stm32f4xx_hal_pcd_ex.o
                0x00000000080029dc                HAL_PCDEx_LPM_Callback
 *fill*         0x00000000080029de        0x2 
 .text.HAL_RCC_OscConfig
                0x00000000080029e0      0x358 ./Drivers/STM32F4xx_HAL_Driver/Src/stm32f4xx_hal_rcc.o
                0x00000000080029e0                HAL_RCC_OscConfig
 .text.HAL_RCC_GetSysClockFreq
                0x0000000008002d38       0x5c ./Drivers/STM32F4xx_HAL_Driver/Src/stm32f4xx_hal_rcc.o
                0x0000000008002d38                HAL_RCC_GetSysClockFreq
 .text.HAL_RCC_ClockConfig
                0x0000000008002d94      0x134 ./Drivers/STM32F4xx_HAL_Driver/Src/stm32f4xx_hal_rcc.o
                0x0000000008002d94                HAL_RCC_ClockConfig
 .text.HAL_RCC_GetHCLKFreq
                0x0000000008002ec8        0xc ./Drivers/STM32F4xx_HAL_Driver/Src/stm32f4xx_hal_rcc.o
                0x0000000008002ec8                HAL_RCC_GetHCLKFreq
 .text.HAL_RCC_GetPCLK1Freq
                0x0000000008002ed4       0x20 ./Drivers/STM32F4xx_HAL_Driver/Src/stm32f4xx_hal_rcc.o
                0x0000000008002ed4                HAL_RCC_GetPCLK1Freq
 .text.HAL_RCC_GetPCLK2Freq
                0x0000000008002ef4       0x20 ./Drivers/STM32F4xx_HAL_Driver/Src/stm32f4xx_hal_rcc.o
                0x0000000008002ef4                HAL_RCC_GetPCLK2Freq
 .text.HAL_RCC_GetClockConfig
                0x0000000008002f14       0x3c ./Drivers/STM32F4xx_HAL_Driver/Src/stm32f4xx_hal_rcc.o
                0x0000000008002f14                HAL_RCC_GetClockConfig
 .text.HAL_SPI_Init
                0x0000000008002f50       0xb8 ./Drivers/STM32F4xx_HAL_Driver/Src/stm32f4xx_hal_spi.o
                0x0000000008002f50                HAL_SPI_Init
 .text.HAL_SPI_ErrorCallback
                0x0000000008003008        0x2 ./Drivers/STM32F4xx_HAL_Driver/Src/stm32f4xx_hal_spi.o
                0x0000000008003008                HAL_SPI_ErrorCallback
 *fill*         0x000000000800300a        0x2 
 .text.HAL_SPI_IRQHandler
                0x000000000800300c       0xfc ./Drivers/STM32F4xx_HAL_Driver/Src/stm32f4xx_hal_spi.o
                0x000000000800300c                HAL_SPI_IRQHandler
 .text.SPI_DMAAbortOnError
                0x0000000008003108       0x10 ./Drivers/STM32F4xx_HAL_Driver/Src/stm32f4xx_hal_spi.o
 .text.HAL_TIM_Base_Start_IT
                0x0000000008003118       0x74 ./Drivers/STM32F4xx_HAL_Driver/Src/stm32f4xx_hal_tim.o
                0x0000000008003118                HAL_TIM_Base_Start_IT
 .text.HAL_TIM_OC_DelayElapsedCallback
                0x000000000800318c        0x2 ./Drivers/STM32F4xx_HAL_Driver/Src/stm32f4xx_hal_tim.o
                0x000000000800318c                HAL_TIM_OC_DelayElapsedCallback
 .text.HAL_TIM_IC_CaptureCallback
                0x000000000800318e        0x2 ./Drivers/STM32F4xx_HAL_Driver/Src/stm32f4xx_hal_tim.o
                0x000000000800318e                HAL_TIM_IC_CaptureCallback
 .text.HAL_TIM_PWM_PulseFinishedCallback
                0x0000000008003190        0x2 ./Drivers/STM32F4xx_HAL_Driver/Src/stm32f4xx_hal_tim.o
                0x0000000008003190                HAL_TIM_PWM_PulseFinishedCallback
 .text.HAL_TIM_TriggerCallback
                0x0000000008003192        0x2 ./Drivers/STM32F4xx_HAL_Driver/Src/stm32f4xx_hal_tim.o
                0x0000000008003192                HAL_TIM_TriggerCallback
 .text.HAL_TIM_IRQHandler
                0x0000000008003194      0x144 ./Drivers/STM32F4xx_HAL_Driver/Src/stm32f4xx_hal_tim.o
                0x0000000008003194                HAL_TIM_IRQHandler
 .text.TIM_Base_SetConfig
                0x00000000080032d8       0xcc ./Drivers/STM32F4xx_HAL_Driver/Src/stm32f4xx_hal_tim.o
                0x00000000080032d8                TIM_Base_SetConfig
 .text.HAL_TIM_Base_Init
                0x00000000080033a4       0x58 ./Drivers/STM32F4xx_HAL_Driver/Src/stm32f4xx_hal_tim.o
                0x00000000080033a4                HAL_TIM_Base_Init
 .text.TIM_ETR_SetConfig
                0x00000000080033fc       0x14 ./Drivers/STM32F4xx_HAL_Driver/Src/stm32f4xx_hal_tim.o
                0x00000000080033fc                TIM_ETR_SetConfig
 .text.HAL_TIM_ConfigClockSource
                0x0000000008003410      0x132 ./Drivers/STM32F4xx_HAL_Driver/Src/stm32f4xx_hal_tim.o
                0x0000000008003410                HAL_TIM_ConfigClockSource
 *fill*         0x0000000008003542        0x2 
 .text.HAL_TIMEx_MasterConfigSynchronization
                0x0000000008003544       0x7c ./Drivers/STM32F4xx_HAL_Driver/Src/stm32f4xx_hal_tim_ex.o
                0x0000000008003544                HAL_TIMEx_MasterConfigSynchronization
 .text.HAL_TIMEx_CommutCallback
                0x00000000080035c0        0x2 ./Drivers/STM32F4xx_HAL_Driver/Src/stm32f4xx_hal_tim_ex.o
                0x00000000080035c0                HAL_TIMEx_CommutCallback
 .text.HAL_TIMEx_BreakCallback
                0x00000000080035c2        0x2 ./Drivers/STM32F4xx_HAL_Driver/Src/stm32f4xx_hal_tim_ex.o
                0x00000000080035c2                HAL_TIMEx_BreakCallback
 .text.UART_EndRxTransfer
                0x00000000080035c4       0x5c ./Drivers/STM32F4xx_HAL_Driver/Src/stm32f4xx_hal_uart.o
 .text.UART_SetConfig
                0x0000000008003620       0xbc ./Drivers/STM32F4xx_HAL_Driver/Src/stm32f4xx_hal_uart.o
 .text.UART_WaitOnFlagUntilTimeout.constprop.0
                0x00000000080036dc       0x6c ./Drivers/STM32F4xx_HAL_Driver/Src/stm32f4xx_hal_uart.o
 .text.HAL_UART_Init
                0x0000000008003748       0x5c ./Drivers/STM32F4xx_HAL_Driver/Src/stm32f4xx_hal_uart.o
                0x0000000008003748                HAL_UART_Init
 .text.HAL_UART_Transmit
                0x00000000080037a4       0xaa ./Drivers/STM32F4xx_HAL_Driver/Src/stm32f4xx_hal_uart.o
                0x00000000080037a4                HAL_UART_Transmit
 .text.HAL_UART_Receive
                0x000000000800384e       0xb8 ./Drivers/STM32F4xx_HAL_Driver/Src/stm32f4xx_hal_uart.o
                0x000000000800384e                HAL_UART_Receive
 .text.HAL_UART_TxCpltCallback
                0x0000000008003906        0x2 ./Drivers/STM32F4xx_HAL_Driver/Src/stm32f4xx_hal_uart.o
                0x0000000008003906                HAL_UART_TxCpltCallback
 .text.HAL_UART_RxCpltCallback
                0x0000000008003908        0x2 ./Drivers/STM32F4xx_HAL_Driver/Src/stm32f4xx_hal_uart.o
                0x0000000008003908                HAL_UART_RxCpltCallback
 .text.HAL_UART_RxHalfCpltCallback
                0x000000000800390a        0x2 ./Drivers/STM32F4xx_HAL_Driver/Src/stm32f4xx_hal_uart.o
                0x000000000800390a                HAL_UART_RxHalfCpltCallback
 .text.HAL_UART_ErrorCallback
                0x000000000800390c        0x2 ./Drivers/STM32F4xx_HAL_Driver/Src/stm32f4xx_hal_uart.o
                0x000000000800390c                HAL_UART_ErrorCallback
 .text.UART_DMAError
                0x000000000800390e       0x5a ./Drivers/STM32F4xx_HAL_Driver/Src/stm32f4xx_hal_uart.o
 .text.UART_DMAAbortOnError
                0x0000000008003968       0x10 ./Drivers/STM32F4xx_HAL_Driver/Src/stm32f4xx_hal_uart.o
 .text.UART_DMARxHalfCplt
                0x0000000008003978       0x1a ./Drivers/STM32F4xx_HAL_Driver/Src/stm32f4xx_hal_uart.o
 .text.UART_DMAReceiveCplt
                0x0000000008003992       0x94 ./Drivers/STM32F4xx_HAL_Driver/Src/stm32f4xx_hal_uart.o
 .text.UART_Receive_IT.isra.0
                0x0000000008003a26       0xb4 ./Drivers/STM32F4xx_HAL_Driver/Src/stm32f4xx_hal_uart.o
 *fill*         0x0000000008003ada        0x2 
 .text.HAL_UART_IRQHandler
                0x0000000008003adc      0x28c ./Drivers/STM32F4xx_HAL_Driver/Src/stm32f4xx_hal_uart.o
                0x0000000008003adc                HAL_UART_IRQHandler
 .text.UART_Start_Receive_DMA
                0x0000000008003d68       0x9c ./Drivers/STM32F4xx_HAL_Driver/Src/stm32f4xx_hal_uart.o
                0x0000000008003d68                UART_Start_Receive_DMA
 .text.HAL_UARTEx_ReceiveToIdle_DMA
                0x0000000008003e04       0x62 ./Drivers/STM32F4xx_HAL_Driver/Src/stm32f4xx_hal_uart.o
                0x0000000008003e04                HAL_UARTEx_ReceiveToIdle_DMA
 *fill*         0x0000000008003e66        0x2 
 .text.USB_CoreReset
                0x0000000008003e68       0x4c ./Drivers/STM32F4xx_HAL_Driver/Src/stm32f4xx_ll_usb.o
 .text.USB_CoreInit
                0x0000000008003eb4       0x80 ./Drivers/STM32F4xx_HAL_Driver/Src/stm32f4xx_ll_usb.o
                0x0000000008003eb4                USB_CoreInit
 .text.USB_SetTurnaroundTime
                0x0000000008003f34       0xe0 ./Drivers/STM32F4xx_HAL_Driver/Src/stm32f4xx_ll_usb.o
                0x0000000008003f34                USB_SetTurnaroundTime
 .text.USB_EnableGlobalInt
                0x0000000008004014        0xc ./Drivers/STM32F4xx_HAL_Driver/Src/stm32f4xx_ll_usb.o
                0x0000000008004014                USB_EnableGlobalInt
 .text.USB_DisableGlobalInt
                0x0000000008004020        0xc ./Drivers/STM32F4xx_HAL_Driver/Src/stm32f4xx_ll_usb.o
                0x0000000008004020                USB_DisableGlobalInt
 .text.USB_SetCurrentMode
                0x000000000800402c       0x60 ./Drivers/STM32F4xx_HAL_Driver/Src/stm32f4xx_ll_usb.o
                0x000000000800402c                USB_SetCurrentMode
 .text.USB_FlushTxFifo
                0x000000000800408c       0x4c ./Drivers/STM32F4xx_HAL_Driver/Src/stm32f4xx_ll_usb.o
                0x000000000800408c                USB_FlushTxFifo
 .text.USB_FlushRxFifo
                0x00000000080040d8       0x48 ./Drivers/STM32F4xx_HAL_Driver/Src/stm32f4xx_ll_usb.o
                0x00000000080040d8                USB_FlushRxFifo
 .text.USB_SetDevSpeed
                0x0000000008004120        0xe ./Drivers/STM32F4xx_HAL_Driver/Src/stm32f4xx_ll_usb.o
                0x0000000008004120                USB_SetDevSpeed
 *fill*         0x000000000800412e        0x2 
 .text.USB_DevInit
                0x0000000008004130      0x170 ./Drivers/STM32F4xx_HAL_Driver/Src/stm32f4xx_ll_usb.o
                0x0000000008004130                USB_DevInit
 .text.USB_GetDevSpeed
                0x00000000080042a0       0x16 ./Drivers/STM32F4xx_HAL_Driver/Src/stm32f4xx_ll_usb.o
                0x00000000080042a0                USB_GetDevSpeed
 .text.USB_ActivateEndpoint
                0x00000000080042b6       0x7e ./Drivers/STM32F4xx_HAL_Driver/Src/stm32f4xx_ll_usb.o
                0x00000000080042b6                USB_ActivateEndpoint
 .text.USB_DeactivateEndpoint
                0x0000000008004334       0xac ./Drivers/STM32F4xx_HAL_Driver/Src/stm32f4xx_ll_usb.o
                0x0000000008004334                USB_DeactivateEndpoint
 .text.USB_EP0StartXfer
                0x00000000080043e0       0xf8 ./Drivers/STM32F4xx_HAL_Driver/Src/stm32f4xx_ll_usb.o
                0x00000000080043e0                USB_EP0StartXfer
 .text.USB_EPStopXfer
                0x00000000080044d8       0x84 ./Drivers/STM32F4xx_HAL_Driver/Src/stm32f4xx_ll_usb.o
                0x00000000080044d8                USB_EPStopXfer
 .text.USB_WritePacket
                0x000000000800455c       0x26 ./Drivers/STM32F4xx_HAL_Driver/Src/stm32f4xx_ll_usb.o
                0x000000000800455c                USB_WritePacket
 *fill*         0x0000000008004582        0x2 
 .text.USB_EPStartXfer
                0x0000000008004584      0x1d4 ./Drivers/STM32F4xx_HAL_Driver/Src/stm32f4xx_ll_usb.o
                0x0000000008004584                USB_EPStartXfer
 .text.USB_ReadPacket
                0x0000000008004758       0x40 ./Drivers/STM32F4xx_HAL_Driver/Src/stm32f4xx_ll_usb.o
                0x0000000008004758                USB_ReadPacket
 .text.USB_EPSetStall
                0x0000000008004798       0x56 ./Drivers/STM32F4xx_HAL_Driver/Src/stm32f4xx_ll_usb.o
                0x0000000008004798                USB_EPSetStall
 .text.USB_EPClearStall
                0x00000000080047ee       0x52 ./Drivers/STM32F4xx_HAL_Driver/Src/stm32f4xx_ll_usb.o
                0x00000000080047ee                USB_EPClearStall
 .text.USB_SetDevAddress
                0x0000000008004840       0x20 ./Drivers/STM32F4xx_HAL_Driver/Src/stm32f4xx_ll_usb.o
                0x0000000008004840                USB_SetDevAddress
 .text.USB_DevConnect
                0x0000000008004860       0x1c ./Drivers/STM32F4xx_HAL_Driver/Src/stm32f4xx_ll_usb.o
                0x0000000008004860                USB_DevConnect
 .text.USB_DevDisconnect
                0x000000000800487c       0x1c ./Drivers/STM32F4xx_HAL_Driver/Src/stm32f4xx_ll_usb.o
                0x000000000800487c                USB_DevDisconnect
 .text.USB_ReadInterrupts
                0x0000000008004898        0x8 ./Drivers/STM32F4xx_HAL_Driver/Src/stm32f4xx_ll_usb.o
                0x0000000008004898                USB_ReadInterrupts
 .text.USB_ReadDevAllOutEpInterrupt
                0x00000000080048a0       0x10 ./Drivers/STM32F4xx_HAL_Driver/Src/stm32f4xx_ll_usb.o
                0x00000000080048a0                USB_ReadDevAllOutEpInterrupt
 .text.USB_ReadDevAllInEpInterrupt
                0x00000000080048b0       0x10 ./Drivers/STM32F4xx_HAL_Driver/Src/stm32f4xx_ll_usb.o
                0x00000000080048b0                USB_ReadDevAllInEpInterrupt
 .text.USB_ReadDevOutEPInterrupt
                0x00000000080048c0       0x12 ./Drivers/STM32F4xx_HAL_Driver/Src/stm32f4xx_ll_usb.o
                0x00000000080048c0                USB_ReadDevOutEPInterrupt
 .text.USB_ReadDevInEPInterrupt
                0x00000000080048d2       0x22 ./Drivers/STM32F4xx_HAL_Driver/Src/stm32f4xx_ll_usb.o
                0x00000000080048d2                USB_ReadDevInEPInterrupt
 .text.USB_GetMode
                0x00000000080048f4        0x8 ./Drivers/STM32F4xx_HAL_Driver/Src/stm32f4xx_ll_usb.o
                0x00000000080048f4                USB_GetMode
 .text.USB_ActivateSetup
                0x00000000080048fc       0x20 ./Drivers/STM32F4xx_HAL_Driver/Src/stm32f4xx_ll_usb.o
                0x00000000080048fc                USB_ActivateSetup
 .text.USB_EP0_OutStart
                0x000000000800491c       0x4c ./Drivers/STM32F4xx_HAL_Driver/Src/stm32f4xx_ll_usb.o
                0x000000000800491c                USB_EP0_OutStart
 .text.USBD_CDC_EP0_RxReady
                0x0000000008004968       0x36 ./Middlewares/ST/STM32_USB_Device_Library/Class/CDC/Src/usbd_cdc.o
 *fill*         0x000000000800499e        0x2 
 .text.USBD_CDC_GetDeviceQualifierDescriptor
                0x00000000080049a0        0xc ./Middlewares/ST/STM32_USB_Device_Library/Class/CDC/Src/usbd_cdc.o
                0x00000000080049a0                USBD_CDC_GetDeviceQualifierDescriptor
 .text.USBD_CDC_GetFSCfgDesc
                0x00000000080049ac       0x48 ./Middlewares/ST/STM32_USB_Device_Library/Class/CDC/Src/usbd_cdc.o
 .text.USBD_CDC_GetOtherSpeedCfgDesc
                0x00000000080049f4        0x4 ./Middlewares/ST/STM32_USB_Device_Library/Class/CDC/Src/usbd_cdc.o
 .text.USBD_CDC_GetHSCfgDesc
                0x00000000080049f8       0x48 ./Middlewares/ST/STM32_USB_Device_Library/Class/CDC/Src/usbd_cdc.o
 .text.USBD_CDC_DataOut
                0x0000000008004a40       0x38 ./Middlewares/ST/STM32_USB_Device_Library/Class/CDC/Src/usbd_cdc.o
 .text.USBD_CDC_DataIn
                0x0000000008004a78       0x68 ./Middlewares/ST/STM32_USB_Device_Library/Class/CDC/Src/usbd_cdc.o
 .text.USBD_CDC_Setup
                0x0000000008004ae0      0x108 ./Middlewares/ST/STM32_USB_Device_Library/Class/CDC/Src/usbd_cdc.o
 .text.USBD_CDC_DeInit
                0x0000000008004be8       0x5a ./Middlewares/ST/STM32_USB_Device_Library/Class/CDC/Src/usbd_cdc.o
 .text.USBD_CDC_Init
                0x0000000008004c42       0xd0 ./Middlewares/ST/STM32_USB_Device_Library/Class/CDC/Src/usbd_cdc.o
 .text.USBD_CDC_RegisterInterface
                0x0000000008004d12       0x16 ./Middlewares/ST/STM32_USB_Device_Library/Class/CDC/Src/usbd_cdc.o
                0x0000000008004d12                USBD_CDC_RegisterInterface
 .text.USBD_CDC_SetTxBuffer
                0x0000000008004d28       0x1c ./Middlewares/ST/STM32_USB_Device_Library/Class/CDC/Src/usbd_cdc.o
                0x0000000008004d28                USBD_CDC_SetTxBuffer
 .text.USBD_CDC_SetRxBuffer
                0x0000000008004d44       0x18 ./Middlewares/ST/STM32_USB_Device_Library/Class/CDC/Src/usbd_cdc.o
                0x0000000008004d44                USBD_CDC_SetRxBuffer
 .text.USBD_CDC_ReceivePacket
                0x0000000008004d5c       0x34 ./Middlewares/ST/STM32_USB_Device_Library/Class/CDC/Src/usbd_cdc.o
                0x0000000008004d5c                USBD_CDC_ReceivePacket
 .text.USBD_Init
                0x0000000008004d90       0x26 ./Middlewares/ST/STM32_USB_Device_Library/Core/Src/usbd_core.o
                0x0000000008004d90                USBD_Init
 .text.USBD_RegisterClass
                0x0000000008004db6       0x32 ./Middlewares/ST/STM32_USB_Device_Library/Core/Src/usbd_core.o
                0x0000000008004db6                USBD_RegisterClass
 .text.USBD_Start
                0x0000000008004de8        0x4 ./Middlewares/ST/STM32_USB_Device_Library/Core/Src/usbd_core.o
                0x0000000008004de8                USBD_Start
 .text.USBD_SetClassConfig
                0x0000000008004dec        0xe ./Middlewares/ST/STM32_USB_Device_Library/Core/Src/usbd_core.o
                0x0000000008004dec                USBD_SetClassConfig
 .text.USBD_ClrClassConfig
                0x0000000008004dfa       0x12 ./Middlewares/ST/STM32_USB_Device_Library/Core/Src/usbd_core.o
                0x0000000008004dfa                USBD_ClrClassConfig
 .text.USBD_LL_SetupStage
                0x0000000008004e0c       0x60 ./Middlewares/ST/STM32_USB_Device_Library/Core/Src/usbd_core.o
                0x0000000008004e0c                USBD_LL_SetupStage
 .text.USBD_LL_DataOutStage
                0x0000000008004e6c       0x6a ./Middlewares/ST/STM32_USB_Device_Library/Core/Src/usbd_core.o
                0x0000000008004e6c                USBD_LL_DataOutStage
 .text.USBD_LL_DataInStage
                0x0000000008004ed6       0xae ./Middlewares/ST/STM32_USB_Device_Library/Core/Src/usbd_core.o
                0x0000000008004ed6                USBD_LL_DataInStage
 .text.USBD_LL_Reset
                0x0000000008004f84       0x5e ./Middlewares/ST/STM32_USB_Device_Library/Core/Src/usbd_core.o
                0x0000000008004f84                USBD_LL_Reset
 .text.USBD_LL_SetSpeed
                0x0000000008004fe2        0x6 ./Middlewares/ST/STM32_USB_Device_Library/Core/Src/usbd_core.o
                0x0000000008004fe2                USBD_LL_SetSpeed
 .text.USBD_LL_Suspend
                0x0000000008004fe8       0x14 ./Middlewares/ST/STM32_USB_Device_Library/Core/Src/usbd_core.o
                0x0000000008004fe8                USBD_LL_Suspend
 .text.USBD_LL_Resume
                0x0000000008004ffc       0x16 ./Middlewares/ST/STM32_USB_Device_Library/Core/Src/usbd_core.o
                0x0000000008004ffc                USBD_LL_Resume
 .text.USBD_LL_SOF
                0x0000000008005012       0x1a ./Middlewares/ST/STM32_USB_Device_Library/Core/Src/usbd_core.o
                0x0000000008005012                USBD_LL_SOF
 .text.USBD_LL_IsoINIncomplete
                0x000000000800502c       0x28 ./Middlewares/ST/STM32_USB_Device_Library/Core/Src/usbd_core.o
                0x000000000800502c                USBD_LL_IsoINIncomplete
 .text.USBD_LL_IsoOUTIncomplete
                0x0000000008005054       0x28 ./Middlewares/ST/STM32_USB_Device_Library/Core/Src/usbd_core.o
                0x0000000008005054                USBD_LL_IsoOUTIncomplete
 .text.USBD_LL_DevConnected
                0x000000000800507c        0x4 ./Middlewares/ST/STM32_USB_Device_Library/Core/Src/usbd_core.o
                0x000000000800507c                USBD_LL_DevConnected
 .text.USBD_LL_DevDisconnected
                0x0000000008005080       0x20 ./Middlewares/ST/STM32_USB_Device_Library/Core/Src/usbd_core.o
                0x0000000008005080                USBD_LL_DevDisconnected
 .text.USBD_CoreFindIF
                0x00000000080050a0        0x4 ./Middlewares/ST/STM32_USB_Device_Library/Core/Src/usbd_core.o
                0x00000000080050a0                USBD_CoreFindIF
 .text.USBD_CoreFindEP
                0x00000000080050a4        0x4 ./Middlewares/ST/STM32_USB_Device_Library/Core/Src/usbd_core.o
                0x00000000080050a4                USBD_CoreFindEP
 .text.USBD_GetEpDesc
                0x00000000080050a8       0x24 ./Middlewares/ST/STM32_USB_Device_Library/Core/Src/usbd_core.o
                0x00000000080050a8                USBD_GetEpDesc
 .text.USBD_CtlError.constprop.0
                0x00000000080050cc       0x16 ./Middlewares/ST/STM32_USB_Device_Library/Core/Src/usbd_ctlreq.o
 *fill*         0x00000000080050e2        0x2 
 .text.USBD_StdDevReq
                0x00000000080050e4      0x2a8 ./Middlewares/ST/STM32_USB_Device_Library/Core/Src/usbd_ctlreq.o
                0x00000000080050e4                USBD_StdDevReq
 .text.USBD_StdItfReq
                0x000000000800538c       0x5e ./Middlewares/ST/STM32_USB_Device_Library/Core/Src/usbd_ctlreq.o
                0x000000000800538c                USBD_StdItfReq
 .text.USBD_StdEPReq
                0x00000000080053ea      0x138 ./Middlewares/ST/STM32_USB_Device_Library/Core/Src/usbd_ctlreq.o
                0x00000000080053ea                USBD_StdEPReq
 .text.USBD_ParseSetupRequest
                0x0000000008005522       0x16 ./Middlewares/ST/STM32_USB_Device_Library/Core/Src/usbd_ctlreq.o
                0x0000000008005522                USBD_ParseSetupRequest
 .text.USBD_CtlError
                0x0000000008005538       0x16 ./Middlewares/ST/STM32_USB_Device_Library/Core/Src/usbd_ctlreq.o
                0x0000000008005538                USBD_CtlError
 .text.USBD_GetString
                0x000000000800554e       0x38 ./Middlewares/ST/STM32_USB_Device_Library/Core/Src/usbd_ctlreq.o
                0x000000000800554e                USBD_GetString
 .text.USBD_CtlSendData
                0x0000000008005586       0x1a ./Middlewares/ST/STM32_USB_Device_Library/Core/Src/usbd_ioreq.o
                0x0000000008005586                USBD_CtlSendData
 .text.USBD_CtlContinueSendData
                0x00000000080055a0       0x10 ./Middlewares/ST/STM32_USB_Device_Library/Core/Src/usbd_ioreq.o
                0x00000000080055a0                USBD_CtlContinueSendData
 .text.USBD_CtlPrepareRx
                0x00000000080055b0       0x1a ./Middlewares/ST/STM32_USB_Device_Library/Core/Src/usbd_ioreq.o
                0x00000000080055b0                USBD_CtlPrepareRx
 .text.USBD_CtlContinueRx
                0x00000000080055ca       0x10 ./Middlewares/ST/STM32_USB_Device_Library/Core/Src/usbd_ioreq.o
                0x00000000080055ca                USBD_CtlContinueRx
 .text.USBD_CtlSendStatus
                0x00000000080055da       0x16 ./Middlewares/ST/STM32_USB_Device_Library/Core/Src/usbd_ioreq.o
                0x00000000080055da                USBD_CtlSendStatus
 .text.USBD_CtlReceiveStatus
                0x00000000080055f0       0x16 ./Middlewares/ST/STM32_USB_Device_Library/Core/Src/usbd_ioreq.o
                0x00000000080055f0                USBD_CtlReceiveStatus
 .text.SysTick_Handler
                0x0000000008005606       0x1a ./Middlewares/Third_Party/FreeRTOS/Source/CMSIS_RTOS_V2/cmsis_os2.o
                0x0000000008005606                SysTick_Handler
 .text.osKernelInitialize
                0x0000000008005620       0x24 ./Middlewares/Third_Party/FreeRTOS/Source/CMSIS_RTOS_V2/cmsis_os2.o
                0x0000000008005620                osKernelInitialize
 .text.osKernelStart
                0x0000000008005644       0x34 ./Middlewares/Third_Party/FreeRTOS/Source/CMSIS_RTOS_V2/cmsis_os2.o
                0x0000000008005644                osKernelStart
 .text.osThreadNew
                0x0000000008005678       0x8e ./Middlewares/Third_Party/FreeRTOS/Source/CMSIS_RTOS_V2/cmsis_os2.o
                0x0000000008005678                osThreadNew
 .text.osDelay  0x0000000008005706       0x18 ./Middlewares/Third_Party/FreeRTOS/Source/CMSIS_RTOS_V2/cmsis_os2.o
                0x0000000008005706                osDelay
 *fill*         0x000000000800571e        0x2 
 .text.vApplicationGetIdleTaskMemory
                0x0000000008005720       0x18 ./Middlewares/Third_Party/FreeRTOS/Source/CMSIS_RTOS_V2/cmsis_os2.o
                0x0000000008005720                vApplicationGetIdleTaskMemory
 .text.vApplicationGetTimerTaskMemory
                0x0000000008005738       0x18 ./Middlewares/Third_Party/FreeRTOS/Source/CMSIS_RTOS_V2/cmsis_os2.o
                0x0000000008005738                vApplicationGetTimerTaskMemory
 .text.vListInitialise
                0x0000000008005750       0x16 ./Middlewares/Third_Party/FreeRTOS/Source/list.o
                0x0000000008005750                vListInitialise
 .text.vListInitialiseItem
                0x0000000008005766        0x6 ./Middlewares/Third_Party/FreeRTOS/Source/list.o
                0x0000000008005766                vListInitialiseItem
 .text.vListInsertEnd
                0x000000000800576c       0x18 ./Middlewares/Third_Party/FreeRTOS/Source/list.o
                0x000000000800576c                vListInsertEnd
 .text.vListInsert
                0x0000000008005784       0x2e ./Middlewares/Third_Party/FreeRTOS/Source/list.o
                0x0000000008005784                vListInsert
 .text.uxListRemove
                0x00000000080057b2       0x20 ./Middlewares/Third_Party/FreeRTOS/Source/list.o
                0x00000000080057b2                uxListRemove
 .text.prvIsQueueEmpty
                0x00000000080057d2       0x16 ./Middlewares/Third_Party/FreeRTOS/Source/queue.o
 .text.prvCopyDataToQueue
                0x00000000080057e8       0x6a ./Middlewares/Third_Party/FreeRTOS/Source/queue.o
 .text.prvCopyDataFromQueue
                0x0000000008005852       0x2c ./Middlewares/Third_Party/FreeRTOS/Source/queue.o
 .text.prvUnlockQueue
                0x000000000800587e       0x70 ./Middlewares/Third_Party/FreeRTOS/Source/queue.o
 .text.xQueueGenericReset
                0x00000000080058ee       0x7e ./Middlewares/Third_Party/FreeRTOS/Source/queue.o
                0x00000000080058ee                xQueueGenericReset
 .text.xQueueGenericCreateStatic
                0x000000000800596c       0x9c ./Middlewares/Third_Party/FreeRTOS/Source/queue.o
                0x000000000800596c                xQueueGenericCreateStatic
 .text.xQueueGenericSend
                0x0000000008005a08      0x166 ./Middlewares/Third_Party/FreeRTOS/Source/queue.o
                0x0000000008005a08                xQueueGenericSend
 .text.xQueueGenericSendFromISR
                0x0000000008005b6e       0xc4 ./Middlewares/Third_Party/FreeRTOS/Source/queue.o
                0x0000000008005b6e                xQueueGenericSendFromISR
 .text.xQueueReceive
                0x0000000008005c32      0x13e ./Middlewares/Third_Party/FreeRTOS/Source/queue.o
                0x0000000008005c32                xQueueReceive
 .text.vQueueAddToRegistry
                0x0000000008005d70       0x24 ./Middlewares/Third_Party/FreeRTOS/Source/queue.o
                0x0000000008005d70                vQueueAddToRegistry
 .text.vQueueWaitForMessageRestricted
                0x0000000008005d94       0x46 ./Middlewares/Third_Party/FreeRTOS/Source/queue.o
                0x0000000008005d94                vQueueWaitForMessageRestricted
 *fill*         0x0000000008005dda        0x2 
 .text.prvAddNewTaskToReadyList
                0x0000000008005ddc      0x100 ./Middlewares/Third_Party/FreeRTOS/Source/tasks.o
 .text.prvAddCurrentTaskToDelayedList
                0x0000000008005edc       0x70 ./Middlewares/Third_Party/FreeRTOS/Source/tasks.o
 .text.prvResetNextTaskUnblockTime
                0x0000000008005f4c       0x24 ./Middlewares/Third_Party/FreeRTOS/Source/tasks.o
 .text.prvDeleteTCB
                0x0000000008005f70       0x3c ./Middlewares/Third_Party/FreeRTOS/Source/tasks.o
 .text.prvIdleTask
                0x0000000008005fac       0x60 ./Middlewares/Third_Party/FreeRTOS/Source/tasks.o
 .text.prvInitialiseNewTask.constprop.0
                0x000000000800600c       0xbc ./Middlewares/Third_Party/FreeRTOS/Source/tasks.o
 .text.xTaskCreateStatic
                0x00000000080060c8       0x70 ./Middlewares/Third_Party/FreeRTOS/Source/tasks.o
                0x00000000080060c8                xTaskCreateStatic
 .text.xTaskCreate
                0x0000000008006138       0x5a ./Middlewares/Third_Party/FreeRTOS/Source/tasks.o
                0x0000000008006138                xTaskCreate
 *fill*         0x0000000008006192        0x2 
 .text.vTaskStartScheduler
                0x0000000008006194       0xa0 ./Middlewares/Third_Party/FreeRTOS/Source/tasks.o
                0x0000000008006194                vTaskStartScheduler
 .text.vTaskSuspendAll
                0x0000000008006234       0x10 ./Middlewares/Third_Party/FreeRTOS/Source/tasks.o
                0x0000000008006234                vTaskSuspendAll
 .text.xTaskGetTickCount
                0x0000000008006244        0xc ./Middlewares/Third_Party/FreeRTOS/Source/tasks.o
                0x0000000008006244                xTaskGetTickCount
 .text.xTaskIncrementTick
                0x0000000008006250      0x12c ./Middlewares/Third_Party/FreeRTOS/Source/tasks.o
                0x0000000008006250                xTaskIncrementTick
 .text.xTaskResumeAll
                0x000000000800637c       0xe8 ./Middlewares/Third_Party/FreeRTOS/Source/tasks.o
                0x000000000800637c                xTaskResumeAll
 .text.vTaskDelay
                0x0000000008006464       0x48 ./Middlewares/Third_Party/FreeRTOS/Source/tasks.o
                0x0000000008006464                vTaskDelay
 .text.vTaskSwitchContext
                0x00000000080064ac       0x80 ./Middlewares/Third_Party/FreeRTOS/Source/tasks.o
                0x00000000080064ac                vTaskSwitchContext
 .text.vTaskPlaceOnEventList
                0x000000000800652c       0x34 ./Middlewares/Third_Party/FreeRTOS/Source/tasks.o
                0x000000000800652c                vTaskPlaceOnEventList
 .text.vTaskPlaceOnEventListRestricted
                0x0000000008006560       0x3c ./Middlewares/Third_Party/FreeRTOS/Source/tasks.o
                0x0000000008006560                vTaskPlaceOnEventListRestricted
 .text.xTaskRemoveFromEventList
                0x000000000800659c       0x88 ./Middlewares/Third_Party/FreeRTOS/Source/tasks.o
                0x000000000800659c                xTaskRemoveFromEventList
 .text.vTaskInternalSetTimeOutState
                0x0000000008006624       0x18 ./Middlewares/Third_Party/FreeRTOS/Source/tasks.o
                0x0000000008006624                vTaskInternalSetTimeOutState
 .text.xTaskCheckForTimeOut
                0x000000000800663c       0x78 ./Middlewares/Third_Party/FreeRTOS/Source/tasks.o
                0x000000000800663c                xTaskCheckForTimeOut
 .text.vTaskMissedYield
                0x00000000080066b4        0xc ./Middlewares/Third_Party/FreeRTOS/Source/tasks.o
                0x00000000080066b4                vTaskMissedYield
 .text.xTaskGetSchedulerState
                0x00000000080066c0       0x20 ./Middlewares/Third_Party/FreeRTOS/Source/tasks.o
                0x00000000080066c0                xTaskGetSchedulerState
 .text.xTaskPriorityDisinherit
                0x00000000080066e0       0x88 ./Middlewares/Third_Party/FreeRTOS/Source/tasks.o
                0x00000000080066e0                xTaskPriorityDisinherit
 .text.prvCheckForValidListAndQueue
                0x0000000008006768       0x68 ./Middlewares/Third_Party/FreeRTOS/Source/timers.o
 .text.prvInsertTimerInActiveList
                0x00000000080067d0       0x3c ./Middlewares/Third_Party/FreeRTOS/Source/timers.o
 .text.xTimerCreateTimerTask
                0x000000000800680c       0x64 ./Middlewares/Third_Party/FreeRTOS/Source/timers.o
                0x000000000800680c                xTimerCreateTimerTask
 .text.xTimerGenericCommand
                0x0000000008006870       0x58 ./Middlewares/Third_Party/FreeRTOS/Source/timers.o
                0x0000000008006870                xTimerGenericCommand
 .text.prvSampleTimeNow
                0x00000000080068c8       0xac ./Middlewares/Third_Party/FreeRTOS/Source/timers.o
 .text.prvTimerTask
                0x0000000008006974      0x1cc ./Middlewares/Third_Party/FreeRTOS/Source/timers.o
 .text.prvPortStartFirstTask
                0x0000000008006b40       0x28 ./Middlewares/Third_Party/FreeRTOS/Source/portable/GCC/ARM_CM4F/port.o
 .text.vPortEnableVFP
                0x0000000008006b68       0x14 ./Middlewares/Third_Party/FreeRTOS/Source/portable/GCC/ARM_CM4F/port.o
 .text.prvTaskExitError
                0x0000000008006b7c       0x40 ./Middlewares/Third_Party/FreeRTOS/Source/portable/GCC/ARM_CM4F/port.o
 .text.pxPortInitialiseStack
                0x0000000008006bbc       0x2c ./Middlewares/Third_Party/FreeRTOS/Source/portable/GCC/ARM_CM4F/port.o
                0x0000000008006bbc                pxPortInitialiseStack
 *fill*         0x0000000008006be8        0x8 
 .text.SVC_Handler
                0x0000000008006bf0       0x24 ./Middlewares/Third_Party/FreeRTOS/Source/portable/GCC/ARM_CM4F/port.o
                0x0000000008006bf0                SVC_Handler
 .text.vPortEnterCritical
                0x0000000008006c14       0x40 ./Middlewares/Third_Party/FreeRTOS/Source/portable/GCC/ARM_CM4F/port.o
                0x0000000008006c14                vPortEnterCritical
 .text.vPortExitCritical
                0x0000000008006c54       0x28 ./Middlewares/Third_Party/FreeRTOS/Source/portable/GCC/ARM_CM4F/port.o
                0x0000000008006c54                vPortExitCritical
 *fill*         0x0000000008006c7c        0x4 
 .text.PendSV_Handler
                0x0000000008006c80       0x64 ./Middlewares/Third_Party/FreeRTOS/Source/portable/GCC/ARM_CM4F/port.o
                0x0000000008006c80                PendSV_Handler
 .text.xPortSysTickHandler
                0x0000000008006ce4       0x2c ./Middlewares/Third_Party/FreeRTOS/Source/portable/GCC/ARM_CM4F/port.o
                0x0000000008006ce4                xPortSysTickHandler
 .text.vPortSetupTimerInterrupt
                0x0000000008006d10       0x24 ./Middlewares/Third_Party/FreeRTOS/Source/portable/GCC/ARM_CM4F/port.o
                0x0000000008006d10                vPortSetupTimerInterrupt
 .text.xPortStartScheduler
                0x0000000008006d34      0x10c ./Middlewares/Third_Party/FreeRTOS/Source/portable/GCC/ARM_CM4F/port.o
                0x0000000008006d34                xPortStartScheduler
 .text.vPortValidateInterruptPriority
                0x0000000008006e40       0x5c ./Middlewares/Third_Party/FreeRTOS/Source/portable/GCC/ARM_CM4F/port.o
                0x0000000008006e40                vPortValidateInterruptPriority
 .text.prvInsertBlockIntoFreeList
                0x0000000008006e9c       0x4c ./Middlewares/Third_Party/FreeRTOS/Source/portable/MemMang/heap_4.o
 .text.pvPortMalloc
                0x0000000008006ee8      0x130 ./Middlewares/Third_Party/FreeRTOS/Source/portable/MemMang/heap_4.o
                0x0000000008006ee8                pvPortMalloc
 .text.vPortFree
                0x0000000008007018       0x7c ./Middlewares/Third_Party/FreeRTOS/Source/portable/MemMang/heap_4.o
                0x0000000008007018                vPortFree
 .text.MX_USB_DEVICE_Init
                0x0000000008007094       0x50 ./USB_DEVICE/App/usb_device.o
                0x0000000008007094                MX_USB_DEVICE_Init
 .text.CDC_DeInit_FS
                0x00000000080070e4        0x4 ./USB_DEVICE/App/usbd_cdc_if.o
 .text.CDC_Control_FS
                0x00000000080070e8        0x4 ./USB_DEVICE/App/usbd_cdc_if.o
 .text.CDC_TransmitCplt_FS
                0x00000000080070ec        0x4 ./USB_DEVICE/App/usbd_cdc_if.o
 .text.CDC_Receive_FS
                0x00000000080070f0       0x1c ./USB_DEVICE/App/usbd_cdc_if.o
 .text.CDC_Init_FS
                0x000000000800710c       0x28 ./USB_DEVICE/App/usbd_cdc_if.o
 .text.USBD_FS_DeviceDescriptor
                0x0000000008007134        0xc ./USB_DEVICE/App/usbd_desc.o
                0x0000000008007134                USBD_FS_DeviceDescriptor
 .text.USBD_FS_LangIDStrDescriptor
                0x0000000008007140        0xc ./USB_DEVICE/App/usbd_desc.o
                0x0000000008007140                USBD_FS_LangIDStrDescriptor
 .text.IntToUnicode
                0x000000000800714c       0x2a ./USB_DEVICE/App/usbd_desc.o
 *fill*         0x0000000008007176        0x2 
 .text.USBD_FS_SerialStrDescriptor
                0x0000000008007178       0x3c ./USB_DEVICE/App/usbd_desc.o
                0x0000000008007178                USBD_FS_SerialStrDescriptor
 .text.USBD_FS_ManufacturerStrDescriptor
                0x00000000080071b4       0x1c ./USB_DEVICE/App/usbd_desc.o
                0x00000000080071b4                USBD_FS_ManufacturerStrDescriptor
 .text.USBD_FS_ProductStrDescriptor
                0x00000000080071d0       0x1c ./USB_DEVICE/App/usbd_desc.o
                0x00000000080071d0                USBD_FS_ProductStrDescriptor
 .text.USBD_FS_ConfigStrDescriptor
                0x00000000080071ec       0x1c ./USB_DEVICE/App/usbd_desc.o
                0x00000000080071ec                USBD_FS_ConfigStrDescriptor
 .text.USBD_FS_InterfaceStrDescriptor
                0x0000000008007208       0x1c ./USB_DEVICE/App/usbd_desc.o
                0x0000000008007208                USBD_FS_InterfaceStrDescriptor
 .text.HAL_PCD_MspInit
                0x0000000008007224       0x84 ./USB_DEVICE/Target/usbd_conf.o
                0x0000000008007224                HAL_PCD_MspInit
 .text.HAL_PCD_SetupStageCallback
                0x00000000080072a8        0xc ./USB_DEVICE/Target/usbd_conf.o
                0x00000000080072a8                HAL_PCD_SetupStageCallback
 .text.HAL_PCD_DataOutStageCallback
                0x00000000080072b4       0x12 ./USB_DEVICE/Target/usbd_conf.o
                0x00000000080072b4                HAL_PCD_DataOutStageCallback
 .text.HAL_PCD_DataInStageCallback
                0x00000000080072c6       0x10 ./USB_DEVICE/Target/usbd_conf.o
                0x00000000080072c6                HAL_PCD_DataInStageCallback
 .text.HAL_PCD_SOFCallback
                0x00000000080072d6        0x8 ./USB_DEVICE/Target/usbd_conf.o
                0x00000000080072d6                HAL_PCD_SOFCallback
 .text.HAL_PCD_ResetCallback
                0x00000000080072de       0x26 ./USB_DEVICE/Target/usbd_conf.o
                0x00000000080072de                HAL_PCD_ResetCallback
 .text.HAL_PCD_SuspendCallback
                0x0000000008007304       0x30 ./USB_DEVICE/Target/usbd_conf.o
                0x0000000008007304                HAL_PCD_SuspendCallback
 .text.HAL_PCD_ResumeCallback
                0x0000000008007334        0x8 ./USB_DEVICE/Target/usbd_conf.o
                0x0000000008007334                HAL_PCD_ResumeCallback
 .text.HAL_PCD_ISOOUTIncompleteCallback
                0x000000000800733c        0x8 ./USB_DEVICE/Target/usbd_conf.o
                0x000000000800733c                HAL_PCD_ISOOUTIncompleteCallback
 .text.HAL_PCD_ISOINIncompleteCallback
                0x0000000008007344        0x8 ./USB_DEVICE/Target/usbd_conf.o
                0x0000000008007344                HAL_PCD_ISOINIncompleteCallback
 .text.HAL_PCD_ConnectCallback
                0x000000000800734c        0x8 ./USB_DEVICE/Target/usbd_conf.o
                0x000000000800734c                HAL_PCD_ConnectCallback
 .text.HAL_PCD_DisconnectCallback
                0x0000000008007354        0x8 ./USB_DEVICE/Target/usbd_conf.o
                0x0000000008007354                HAL_PCD_DisconnectCallback
 .text.USBD_LL_Init
                0x000000000800735c       0x5c ./USB_DEVICE/Target/usbd_conf.o
                0x000000000800735c                USBD_LL_Init
 .text.USBD_LL_IsStallEP
                0x00000000080073b8       0x26 ./USB_DEVICE/Target/usbd_conf.o
                0x00000000080073b8                USBD_LL_IsStallEP
 .text.USBD_LL_GetRxDataSize
                0x00000000080073de        0x8 ./USB_DEVICE/Target/usbd_conf.o
                0x00000000080073de                USBD_LL_GetRxDataSize
 *fill*         0x00000000080073e6        0x2 
 .text.USBD_static_malloc
                0x00000000080073e8        0x8 ./USB_DEVICE/Target/usbd_conf.o
                0x00000000080073e8                USBD_static_malloc
 .text.USBD_static_free
                0x00000000080073f0        0x2 ./USB_DEVICE/Target/usbd_conf.o
                0x00000000080073f0                USBD_static_free
 *fill*         0x00000000080073f2        0x2 
 .text.USBD_Get_USB_Status
                0x00000000080073f4       0x10 ./USB_DEVICE/Target/usbd_conf.o
                0x00000000080073f4                USBD_Get_USB_Status
 .text.USBD_LL_Start
                0x0000000008007404       0x12 ./USB_DEVICE/Target/usbd_conf.o
                0x0000000008007404                USBD_LL_Start
 .text.USBD_LL_OpenEP
                0x0000000008007416       0x18 ./USB_DEVICE/Target/usbd_conf.o
                0x0000000008007416                USBD_LL_OpenEP
 .text.USBD_LL_CloseEP
                0x000000000800742e       0x12 ./USB_DEVICE/Target/usbd_conf.o
                0x000000000800742e                USBD_LL_CloseEP
 .text.USBD_LL_StallEP
                0x0000000008007440       0x12 ./USB_DEVICE/Target/usbd_conf.o
                0x0000000008007440                USBD_LL_StallEP
 .text.USBD_LL_ClearStallEP
                0x0000000008007452       0x12 ./USB_DEVICE/Target/usbd_conf.o
                0x0000000008007452                USBD_LL_ClearStallEP
 .text.USBD_LL_SetUSBAddress
                0x0000000008007464       0x12 ./USB_DEVICE/Target/usbd_conf.o
                0x0000000008007464                USBD_LL_SetUSBAddress
 .text.USBD_LL_Transmit
                0x0000000008007476       0x12 ./USB_DEVICE/Target/usbd_conf.o
                0x0000000008007476                USBD_LL_Transmit
 .text.USBD_LL_PrepareReceive
                0x0000000008007488       0x12 ./USB_DEVICE/Target/usbd_conf.o
                0x0000000008007488                USBD_LL_PrepareReceive
 *fill*         0x000000000800749a        0x2 
 .text.std      0x000000000800749c       0x6c D:/STMicroelectronics/STM32CubeIDE/STM32CubeIDE_1.13.2/STM32CubeIDE/plugins/com.st.stm32cube.ide.mcu.externaltools.gnu-tools-for-stm32.11.3.rel1.win32_1.1.1.202309131626/tools/bin/../lib/gcc/arm-none-eabi/11.3.1/../../../../arm-none-eabi/lib/thumb/v7e-m+fp/hard\libc_nano.a(libc_a-findfp.o)
 .text.stdio_exit_handler
                0x0000000008007508       0x18 D:/STMicroelectronics/STM32CubeIDE/STM32CubeIDE_1.13.2/STM32CubeIDE/plugins/com.st.stm32cube.ide.mcu.externaltools.gnu-tools-for-stm32.11.3.rel1.win32_1.1.1.202309131626/tools/bin/../lib/gcc/arm-none-eabi/11.3.1/../../../../arm-none-eabi/lib/thumb/v7e-m+fp/hard\libc_nano.a(libc_a-findfp.o)
 .text.cleanup_stdio
                0x0000000008007520       0x40 D:/STMicroelectronics/STM32CubeIDE/STM32CubeIDE_1.13.2/STM32CubeIDE/plugins/com.st.stm32cube.ide.mcu.externaltools.gnu-tools-for-stm32.11.3.rel1.win32_1.1.1.202309131626/tools/bin/../lib/gcc/arm-none-eabi/11.3.1/../../../../arm-none-eabi/lib/thumb/v7e-m+fp/hard\libc_nano.a(libc_a-findfp.o)
 .text.global_stdio_init.part.0
                0x0000000008007560       0x3c D:/STMicroelectronics/STM32CubeIDE/STM32CubeIDE_1.13.2/STM32CubeIDE/plugins/com.st.stm32cube.ide.mcu.externaltools.gnu-tools-for-stm32.11.3.rel1.win32_1.1.1.202309131626/tools/bin/../lib/gcc/arm-none-eabi/11.3.1/../../../../arm-none-eabi/lib/thumb/v7e-m+fp/hard\libc_nano.a(libc_a-findfp.o)
 .text.__sfp_lock_acquire
                0x000000000800759c        0xc D:/STMicroelectronics/STM32CubeIDE/STM32CubeIDE_1.13.2/STM32CubeIDE/plugins/com.st.stm32cube.ide.mcu.externaltools.gnu-tools-for-stm32.11.3.rel1.win32_1.1.1.202309131626/tools/bin/../lib/gcc/arm-none-eabi/11.3.1/../../../../arm-none-eabi/lib/thumb/v7e-m+fp/hard\libc_nano.a(libc_a-findfp.o)
                0x000000000800759c                __sfp_lock_acquire
 .text.__sfp_lock_release
                0x00000000080075a8        0xc D:/STMicroelectronics/STM32CubeIDE/STM32CubeIDE_1.13.2/STM32CubeIDE/plugins/com.st.stm32cube.ide.mcu.externaltools.gnu-tools-for-stm32.11.3.rel1.win32_1.1.1.202309131626/tools/bin/../lib/gcc/arm-none-eabi/11.3.1/../../../../arm-none-eabi/lib/thumb/v7e-m+fp/hard\libc_nano.a(libc_a-findfp.o)
                0x00000000080075a8                __sfp_lock_release
 .text.__sinit  0x00000000080075b4       0x30 D:/STMicroelectronics/STM32CubeIDE/STM32CubeIDE_1.13.2/STM32CubeIDE/plugins/com.st.stm32cube.ide.mcu.externaltools.gnu-tools-for-stm32.11.3.rel1.win32_1.1.1.202309131626/tools/bin/../lib/gcc/arm-none-eabi/11.3.1/../../../../arm-none-eabi/lib/thumb/v7e-m+fp/hard\libc_nano.a(libc_a-findfp.o)
                0x00000000080075b4                __sinit
 .text._fwalk_sglue
                0x00000000080075e4       0x3c D:/STMicroelectronics/STM32CubeIDE/STM32CubeIDE_1.13.2/STM32CubeIDE/plugins/com.st.stm32cube.ide.mcu.externaltools.gnu-tools-for-stm32.11.3.rel1.win32_1.1.1.202309131626/tools/bin/../lib/gcc/arm-none-eabi/11.3.1/../../../../arm-none-eabi/lib/thumb/v7e-m+fp/hard\libc_nano.a(libc_a-fwalk.o)
                0x00000000080075e4                _fwalk_sglue
 .text.printf   0x0000000008007620       0x24 D:/STMicroelectronics/STM32CubeIDE/STM32CubeIDE_1.13.2/STM32CubeIDE/plugins/com.st.stm32cube.ide.mcu.externaltools.gnu-tools-for-stm32.11.3.rel1.win32_1.1.1.202309131626/tools/bin/../lib/gcc/arm-none-eabi/11.3.1/../../../../arm-none-eabi/lib/thumb/v7e-m+fp/hard\libc_nano.a(libc_a-printf.o)
                0x0000000008007620                iprintf
                0x0000000008007620                printf
 .text.setvbuf  0x0000000008007644      0x15c D:/STMicroelectronics/STM32CubeIDE/STM32CubeIDE_1.13.2/STM32CubeIDE/plugins/com.st.stm32cube.ide.mcu.externaltools.gnu-tools-for-stm32.11.3.rel1.win32_1.1.1.202309131626/tools/bin/../lib/gcc/arm-none-eabi/11.3.1/../../../../arm-none-eabi/lib/thumb/v7e-m+fp/hard\libc_nano.a(libc_a-setvbuf.o)
                0x0000000008007644                setvbuf
 .text.__sread  0x00000000080077a0       0x22 D:/STMicroelectronics/STM32CubeIDE/STM32CubeIDE_1.13.2/STM32CubeIDE/plugins/com.st.stm32cube.ide.mcu.externaltools.gnu-tools-for-stm32.11.3.rel1.win32_1.1.1.202309131626/tools/bin/../lib/gcc/arm-none-eabi/11.3.1/../../../../arm-none-eabi/lib/thumb/v7e-m+fp/hard\libc_nano.a(libc_a-stdio.o)
                0x00000000080077a0                __sread
 .text.__swrite
                0x00000000080077c2       0x38 D:/STMicroelectronics/STM32CubeIDE/STM32CubeIDE_1.13.2/STM32CubeIDE/plugins/com.st.stm32cube.ide.mcu.externaltools.gnu-tools-for-stm32.11.3.rel1.win32_1.1.1.202309131626/tools/bin/../lib/gcc/arm-none-eabi/11.3.1/../../../../arm-none-eabi/lib/thumb/v7e-m+fp/hard\libc_nano.a(libc_a-stdio.o)
                0x00000000080077c2                __swrite
 .text.__sseek  0x00000000080077fa       0x24 D:/STMicroelectronics/STM32CubeIDE/STM32CubeIDE_1.13.2/STM32CubeIDE/plugins/com.st.stm32cube.ide.mcu.externaltools.gnu-tools-for-stm32.11.3.rel1.win32_1.1.1.202309131626/tools/bin/../lib/gcc/arm-none-eabi/11.3.1/../../../../arm-none-eabi/lib/thumb/v7e-m+fp/hard\libc_nano.a(libc_a-stdio.o)
                0x00000000080077fa                __sseek
 .text.__sclose
                0x000000000800781e        0x8 D:/STMicroelectronics/STM32CubeIDE/STM32CubeIDE_1.13.2/STM32CubeIDE/plugins/com.st.stm32cube.ide.mcu.externaltools.gnu-tools-for-stm32.11.3.rel1.win32_1.1.1.202309131626/tools/bin/../lib/gcc/arm-none-eabi/11.3.1/../../../../arm-none-eabi/lib/thumb/v7e-m+fp/hard\libc_nano.a(libc_a-stdio.o)
                0x000000000800781e                __sclose
 .text.memset   0x0000000008007826       0x10 D:/STMicroelectronics/STM32CubeIDE/STM32CubeIDE_1.13.2/STM32CubeIDE/plugins/com.st.stm32cube.ide.mcu.externaltools.gnu-tools-for-stm32.11.3.rel1.win32_1.1.1.202309131626/tools/bin/../lib/gcc/arm-none-eabi/11.3.1/../../../../arm-none-eabi/lib/thumb/v7e-m+fp/hard\libc_nano.a(libc_a-memset.o)
                0x0000000008007826                memset
 *fill*         0x0000000008007836        0x2 
 .text._close_r
                0x0000000008007838       0x20 D:/STMicroelectronics/STM32CubeIDE/STM32CubeIDE_1.13.2/STM32CubeIDE/plugins/com.st.stm32cube.ide.mcu.externaltools.gnu-tools-for-stm32.11.3.rel1.win32_1.1.1.202309131626/tools/bin/../lib/gcc/arm-none-eabi/11.3.1/../../../../arm-none-eabi/lib/thumb/v7e-m+fp/hard\libc_nano.a(libc_a-closer.o)
                0x0000000008007838                _close_r
 .text._reclaim_reent
                0x0000000008007858       0xac D:/STMicroelectronics/STM32CubeIDE/STM32CubeIDE_1.13.2/STM32CubeIDE/plugins/com.st.stm32cube.ide.mcu.externaltools.gnu-tools-for-stm32.11.3.rel1.win32_1.1.1.202309131626/tools/bin/../lib/gcc/arm-none-eabi/11.3.1/../../../../arm-none-eabi/lib/thumb/v7e-m+fp/hard\libc_nano.a(libc_a-reent.o)
                0x0000000008007858                _reclaim_reent
 .text._lseek_r
                0x0000000008007904       0x24 D:/STMicroelectronics/STM32CubeIDE/STM32CubeIDE_1.13.2/STM32CubeIDE/plugins/com.st.stm32cube.ide.mcu.externaltools.gnu-tools-for-stm32.11.3.rel1.win32_1.1.1.202309131626/tools/bin/../lib/gcc/arm-none-eabi/11.3.1/../../../../arm-none-eabi/lib/thumb/v7e-m+fp/hard\libc_nano.a(libc_a-lseekr.o)
                0x0000000008007904                _lseek_r
 .text._read_r  0x0000000008007928       0x24 D:/STMicroelectronics/STM32CubeIDE/STM32CubeIDE_1.13.2/STM32CubeIDE/plugins/com.st.stm32cube.ide.mcu.externaltools.gnu-tools-for-stm32.11.3.rel1.win32_1.1.1.202309131626/tools/bin/../lib/gcc/arm-none-eabi/11.3.1/../../../../arm-none-eabi/lib/thumb/v7e-m+fp/hard\libc_nano.a(libc_a-readr.o)
                0x0000000008007928                _read_r
 .text._write_r
                0x000000000800794c       0x24 D:/STMicroelectronics/STM32CubeIDE/STM32CubeIDE_1.13.2/STM32CubeIDE/plugins/com.st.stm32cube.ide.mcu.externaltools.gnu-tools-for-stm32.11.3.rel1.win32_1.1.1.202309131626/tools/bin/../lib/gcc/arm-none-eabi/11.3.1/../../../../arm-none-eabi/lib/thumb/v7e-m+fp/hard\libc_nano.a(libc_a-writer.o)
                0x000000000800794c                _write_r
 .text.__errno  0x0000000008007970        0xc D:/STMicroelectronics/STM32CubeIDE/STM32CubeIDE_1.13.2/STM32CubeIDE/plugins/com.st.stm32cube.ide.mcu.externaltools.gnu-tools-for-stm32.11.3.rel1.win32_1.1.1.202309131626/tools/bin/../lib/gcc/arm-none-eabi/11.3.1/../../../../arm-none-eabi/lib/thumb/v7e-m+fp/hard\libc_nano.a(libc_a-errno.o)
                0x0000000008007970                __errno
 .text.__libc_init_array
                0x000000000800797c       0x48 D:/STMicroelectronics/STM32CubeIDE/STM32CubeIDE_1.13.2/STM32CubeIDE/plugins/com.st.stm32cube.ide.mcu.externaltools.gnu-tools-for-stm32.11.3.rel1.win32_1.1.1.202309131626/tools/bin/../lib/gcc/arm-none-eabi/11.3.1/../../../../arm-none-eabi/lib/thumb/v7e-m+fp/hard\libc_nano.a(libc_a-init.o)
                0x000000000800797c                __libc_init_array
 .text.__retarget_lock_init_recursive
                0x00000000080079c4        0x2 D:/STMicroelectronics/STM32CubeIDE/STM32CubeIDE_1.13.2/STM32CubeIDE/plugins/com.st.stm32cube.ide.mcu.externaltools.gnu-tools-for-stm32.11.3.rel1.win32_1.1.1.202309131626/tools/bin/../lib/gcc/arm-none-eabi/11.3.1/../../../../arm-none-eabi/lib/thumb/v7e-m+fp/hard\libc_nano.a(libc_a-lock.o)
                0x00000000080079c4                __retarget_lock_init_recursive
 .text.__retarget_lock_acquire_recursive
                0x00000000080079c6        0x2 D:/STMicroelectronics/STM32CubeIDE/STM32CubeIDE_1.13.2/STM32CubeIDE/plugins/com.st.stm32cube.ide.mcu.externaltools.gnu-tools-for-stm32.11.3.rel1.win32_1.1.1.202309131626/tools/bin/../lib/gcc/arm-none-eabi/11.3.1/../../../../arm-none-eabi/lib/thumb/v7e-m+fp/hard\libc_nano.a(libc_a-lock.o)
                0x00000000080079c6                __retarget_lock_acquire_recursive
 .text.__retarget_lock_release_recursive
                0x00000000080079c8        0x2 D:/STMicroelectronics/STM32CubeIDE/STM32CubeIDE_1.13.2/STM32CubeIDE/plugins/com.st.stm32cube.ide.mcu.externaltools.gnu-tools-for-stm32.11.3.rel1.win32_1.1.1.202309131626/tools/bin/../lib/gcc/arm-none-eabi/11.3.1/../../../../arm-none-eabi/lib/thumb/v7e-m+fp/hard\libc_nano.a(libc_a-lock.o)
                0x00000000080079c8                __retarget_lock_release_recursive
 .text.memcpy   0x00000000080079ca       0x1c D:/STMicroelectronics/STM32CubeIDE/STM32CubeIDE_1.13.2/STM32CubeIDE/plugins/com.st.stm32cube.ide.mcu.externaltools.gnu-tools-for-stm32.11.3.rel1.win32_1.1.1.202309131626/tools/bin/../lib/gcc/arm-none-eabi/11.3.1/../../../../arm-none-eabi/lib/thumb/v7e-m+fp/hard\libc_nano.a(libc_a-memcpy-stub.o)
                0x00000000080079ca                memcpy
 *fill*         0x00000000080079e6        0x2 
 .text._free_r  0x00000000080079e8       0x98 D:/STMicroelectronics/STM32CubeIDE/STM32CubeIDE_1.13.2/STM32CubeIDE/plugins/com.st.stm32cube.ide.mcu.externaltools.gnu-tools-for-stm32.11.3.rel1.win32_1.1.1.202309131626/tools/bin/../lib/gcc/arm-none-eabi/11.3.1/../../../../arm-none-eabi/lib/thumb/v7e-m+fp/hard\libc_nano.a(libc_a-freer.o)
                0x00000000080079e8                _free_r
 .text.malloc   0x0000000008007a80       0x10 D:/STMicroelectronics/STM32CubeIDE/STM32CubeIDE_1.13.2/STM32CubeIDE/plugins/com.st.stm32cube.ide.mcu.externaltools.gnu-tools-for-stm32.11.3.rel1.win32_1.1.1.202309131626/tools/bin/../lib/gcc/arm-none-eabi/11.3.1/../../../../arm-none-eabi/lib/thumb/v7e-m+fp/hard\libc_nano.a(libc_a-malloc.o)
                0x0000000008007a80                malloc
 .text.sbrk_aligned
                0x0000000008007a90       0x40 D:/STMicroelectronics/STM32CubeIDE/STM32CubeIDE_1.13.2/STM32CubeIDE/plugins/com.st.stm32cube.ide.mcu.externaltools.gnu-tools-for-stm32.11.3.rel1.win32_1.1.1.202309131626/tools/bin/../lib/gcc/arm-none-eabi/11.3.1/../../../../arm-none-eabi/lib/thumb/v7e-m+fp/hard\libc_nano.a(libc_a-mallocr.o)
 .text._malloc_r
                0x0000000008007ad0      0x100 D:/STMicroelectronics/STM32CubeIDE/STM32CubeIDE_1.13.2/STM32CubeIDE/plugins/com.st.stm32cube.ide.mcu.externaltools.gnu-tools-for-stm32.11.3.rel1.win32_1.1.1.202309131626/tools/bin/../lib/gcc/arm-none-eabi/11.3.1/../../../../arm-none-eabi/lib/thumb/v7e-m+fp/hard\libc_nano.a(libc_a-mallocr.o)
                0x0000000008007ad0                _malloc_r
 .text.__malloc_lock
                0x0000000008007bd0        0xc D:/STMicroelectronics/STM32CubeIDE/STM32CubeIDE_1.13.2/STM32CubeIDE/plugins/com.st.stm32cube.ide.mcu.externaltools.gnu-tools-for-stm32.11.3.rel1.win32_1.1.1.202309131626/tools/bin/../lib/gcc/arm-none-eabi/11.3.1/../../../../arm-none-eabi/lib/thumb/v7e-m+fp/hard\libc_nano.a(libc_a-mlock.o)
                0x0000000008007bd0                __malloc_lock
 .text.__malloc_unlock
                0x0000000008007bdc        0xc D:/STMicroelectronics/STM32CubeIDE/STM32CubeIDE_1.13.2/STM32CubeIDE/plugins/com.st.stm32cube.ide.mcu.externaltools.gnu-tools-for-stm32.11.3.rel1.win32_1.1.1.202309131626/tools/bin/../lib/gcc/arm-none-eabi/11.3.1/../../../../arm-none-eabi/lib/thumb/v7e-m+fp/hard\libc_nano.a(libc_a-mlock.o)
                0x0000000008007bdc                __malloc_unlock
 .text.__sfputc_r
                0x0000000008007be8       0x2e D:/STMicroelectronics/STM32CubeIDE/STM32CubeIDE_1.13.2/STM32CubeIDE/plugins/com.st.stm32cube.ide.mcu.externaltools.gnu-tools-for-stm32.11.3.rel1.win32_1.1.1.202309131626/tools/bin/../lib/gcc/arm-none-eabi/11.3.1/../../../../arm-none-eabi/lib/thumb/v7e-m+fp/hard\libc_nano.a(libc_a-nano-vfprintf.o)
 .text.__sfputs_r
                0x0000000008007c16       0x24 D:/STMicroelectronics/STM32CubeIDE/STM32CubeIDE_1.13.2/STM32CubeIDE/plugins/com.st.stm32cube.ide.mcu.externaltools.gnu-tools-for-stm32.11.3.rel1.win32_1.1.1.202309131626/tools/bin/../lib/gcc/arm-none-eabi/11.3.1/../../../../arm-none-eabi/lib/thumb/v7e-m+fp/hard\libc_nano.a(libc_a-nano-vfprintf.o)
                0x0000000008007c16                __sfputs_r
 *fill*         0x0000000008007c3a        0x2 
 .text._vfprintf_r
                0x0000000008007c3c      0x234 D:/STMicroelectronics/STM32CubeIDE/STM32CubeIDE_1.13.2/STM32CubeIDE/plugins/com.st.stm32cube.ide.mcu.externaltools.gnu-tools-for-stm32.11.3.rel1.win32_1.1.1.202309131626/tools/bin/../lib/gcc/arm-none-eabi/11.3.1/../../../../arm-none-eabi/lib/thumb/v7e-m+fp/hard\libc_nano.a(libc_a-nano-vfprintf.o)
                0x0000000008007c3c                _vfprintf_r
                0x0000000008007c3c                _vfiprintf_r
 .text._printf_common
                0x0000000008007e70       0xda D:/STMicroelectronics/STM32CubeIDE/STM32CubeIDE_1.13.2/STM32CubeIDE/plugins/com.st.stm32cube.ide.mcu.externaltools.gnu-tools-for-stm32.11.3.rel1.win32_1.1.1.202309131626/tools/bin/../lib/gcc/arm-none-eabi/11.3.1/../../../../arm-none-eabi/lib/thumb/v7e-m+fp/hard\libc_nano.a(libc_a-nano-vfprintf_i.o)
                0x0000000008007e70                _printf_common
 *fill*         0x0000000008007f4a        0x2 
 .text._printf_i
                0x0000000008007f4c      0x244 D:/STMicroelectronics/STM32CubeIDE/STM32CubeIDE_1.13.2/STM32CubeIDE/plugins/com.st.stm32cube.ide.mcu.externaltools.gnu-tools-for-stm32.11.3.rel1.win32_1.1.1.202309131626/tools/bin/../lib/gcc/arm-none-eabi/11.3.1/../../../../arm-none-eabi/lib/thumb/v7e-m+fp/hard\libc_nano.a(libc_a-nano-vfprintf_i.o)
                0x0000000008007f4c                _printf_i
 .text.__sflush_r
                0x0000000008008190      0x10c D:/STMicroelectronics/STM32CubeIDE/STM32CubeIDE_1.13.2/STM32CubeIDE/plugins/com.st.stm32cube.ide.mcu.externaltools.gnu-tools-for-stm32.11.3.rel1.win32_1.1.1.202309131626/tools/bin/../lib/gcc/arm-none-eabi/11.3.1/../../../../arm-none-eabi/lib/thumb/v7e-m+fp/hard\libc_nano.a(libc_a-fflush.o)
                0x0000000008008190                __sflush_r
 .text._fflush_r
                0x000000000800829c       0x50 D:/STMicroelectronics/STM32CubeIDE/STM32CubeIDE_1.13.2/STM32CubeIDE/plugins/com.st.stm32cube.ide.mcu.externaltools.gnu-tools-for-stm32.11.3.rel1.win32_1.1.1.202309131626/tools/bin/../lib/gcc/arm-none-eabi/11.3.1/../../../../arm-none-eabi/lib/thumb/v7e-m+fp/hard\libc_nano.a(libc_a-fflush.o)
                0x000000000800829c                _fflush_r
 .text.__swhatbuf_r
                0x00000000080082ec       0x4c D:/STMicroelectronics/STM32CubeIDE/STM32CubeIDE_1.13.2/STM32CubeIDE/plugins/com.st.stm32cube.ide.mcu.externaltools.gnu-tools-for-stm32.11.3.rel1.win32_1.1.1.202309131626/tools/bin/../lib/gcc/arm-none-eabi/11.3.1/../../../../arm-none-eabi/lib/thumb/v7e-m+fp/hard\libc_nano.a(libc_a-makebuf.o)
                0x00000000080082ec                __swhatbuf_r
 .text.__smakebuf_r
                0x0000000008008338       0x78 D:/STMicroelectronics/STM32CubeIDE/STM32CubeIDE_1.13.2/STM32CubeIDE/plugins/com.st.stm32cube.ide.mcu.externaltools.gnu-tools-for-stm32.11.3.rel1.win32_1.1.1.202309131626/tools/bin/../lib/gcc/arm-none-eabi/11.3.1/../../../../arm-none-eabi/lib/thumb/v7e-m+fp/hard\libc_nano.a(libc_a-makebuf.o)
                0x0000000008008338                __smakebuf_r
 .text.__swbuf_r
                0x00000000080083b0       0x7a D:/STMicroelectronics/STM32CubeIDE/STM32CubeIDE_1.13.2/STM32CubeIDE/plugins/com.st.stm32cube.ide.mcu.externaltools.gnu-tools-for-stm32.11.3.rel1.win32_1.1.1.202309131626/tools/bin/../lib/gcc/arm-none-eabi/11.3.1/../../../../arm-none-eabi/lib/thumb/v7e-m+fp/hard\libc_nano.a(libc_a-wbuf.o)
                0x00000000080083b0                __swbuf_r
 *fill*         0x000000000800842a        0x2 
 .text.__swsetup_r
                0x000000000800842c       0xb0 D:/STMicroelectronics/STM32CubeIDE/STM32CubeIDE_1.13.2/STM32CubeIDE/plugins/com.st.stm32cube.ide.mcu.externaltools.gnu-tools-for-stm32.11.3.rel1.win32_1.1.1.202309131626/tools/bin/../lib/gcc/arm-none-eabi/11.3.1/../../../../arm-none-eabi/lib/thumb/v7e-m+fp/hard\libc_nano.a(libc_a-wsetup.o)
                0x000000000800842c                __swsetup_r
 .text._fstat_r
                0x00000000080084dc       0x24 D:/STMicroelectronics/STM32CubeIDE/STM32CubeIDE_1.13.2/STM32CubeIDE/plugins/com.st.stm32cube.ide.mcu.externaltools.gnu-tools-for-stm32.11.3.rel1.win32_1.1.1.202309131626/tools/bin/../lib/gcc/arm-none-eabi/11.3.1/../../../../arm-none-eabi/lib/thumb/v7e-m+fp/hard\libc_nano.a(libc_a-fstatr.o)
                0x00000000080084dc                _fstat_r
 .text._isatty_r
                0x0000000008008500       0x20 D:/STMicroelectronics/STM32CubeIDE/STM32CubeIDE_1.13.2/STM32CubeIDE/plugins/com.st.stm32cube.ide.mcu.externaltools.gnu-tools-for-stm32.11.3.rel1.win32_1.1.1.202309131626/tools/bin/../lib/gcc/arm-none-eabi/11.3.1/../../../../arm-none-eabi/lib/thumb/v7e-m+fp/hard\libc_nano.a(libc_a-isattyr.o)
                0x0000000008008500                _isatty_r